Component: Arm Compiler for Embedded 6.22 Tool: armlink [5ee90200]

==============================================================================

Section Cross References

    startup_stm32g474xx.o(RESET) refers to startup_stm32g474xx.o(STACK) for __initial_sp
    startup_stm32g474xx.o(RESET) refers to startup_stm32g474xx.o(.text) for Reset_Handler
    startup_stm32g474xx.o(RESET) refers to stm32g4xx_it.o(.text.NMI_Handler) for NMI_Handler
    startup_stm32g474xx.o(RESET) refers to stm32g4xx_it.o(.text.HardFault_Handler) for HardFault_Handler
    startup_stm32g474xx.o(RESET) refers to stm32g4xx_it.o(.text.MemManage_Handler) for MemManage_Handler
    startup_stm32g474xx.o(RESET) refers to stm32g4xx_it.o(.text.BusFault_Handler) for BusFault_Handler
    startup_stm32g474xx.o(RESET) refers to stm32g4xx_it.o(.text.UsageFault_Handler) for UsageFault_Handler
    startup_stm32g474xx.o(RESET) refers to stm32g4xx_it.o(.text.SVC_Handler) for SVC_Handler
    startup_stm32g474xx.o(RESET) refers to stm32g4xx_it.o(.text.DebugMon_Handler) for DebugMon_Handler
    startup_stm32g474xx.o(RESET) refers to stm32g4xx_it.o(.text.PendSV_Handler) for PendSV_Handler
    startup_stm32g474xx.o(RESET) refers to stm32g4xx_it.o(.text.SysTick_Handler) for SysTick_Handler
    startup_stm32g474xx.o(RESET) refers to stm32g4xx_it.o(.text.DMA1_Channel1_IRQHandler) for DMA1_Channel1_IRQHandler
    startup_stm32g474xx.o(RESET) refers to stm32g4xx_it.o(.text.DMA1_Channel2_IRQHandler) for DMA1_Channel2_IRQHandler
    startup_stm32g474xx.o(RESET) refers to stm32g4xx_it.o(.text.TIM1_UP_TIM16_IRQHandler) for TIM1_UP_TIM16_IRQHandler
    startup_stm32g474xx.o(RESET) refers to stm32g4xx_it.o(.text.TIM1_TRG_COM_TIM17_IRQHandler) for TIM1_TRG_COM_TIM17_IRQHandler
    startup_stm32g474xx.o(RESET) refers to stm32g4xx_it.o(.text.USART2_IRQHandler) for USART2_IRQHandler
    startup_stm32g474xx.o(RESET) refers to stm32g4xx_it.o(.text.UART4_IRQHandler) for UART4_IRQHandler
    startup_stm32g474xx.o(RESET) refers to stm32g4xx_it.o(.text.UART5_IRQHandler) for UART5_IRQHandler
    startup_stm32g474xx.o(RESET) refers to stm32g4xx_it.o(.text.TIM6_DAC_IRQHandler) for TIM6_DAC_IRQHandler
    startup_stm32g474xx.o(RESET) refers to stm32g4xx_it.o(.text.TIM7_DAC_IRQHandler) for TIM7_DAC_IRQHandler
    startup_stm32g474xx.o(RESET) refers to stm32g4xx_it.o(.text.DMA2_Channel1_IRQHandler) for DMA2_Channel1_IRQHandler
    startup_stm32g474xx.o(.text) refers to system_stm32g4xx.o(.text.SystemInit) for SystemInit
    startup_stm32g474xx.o(.text) refers to entry.o(.ARM.Collect$$$$00000000) for __main
    main.o(.text.main) refers to stm32g4xx_hal.o(.text.HAL_Init) for HAL_Init
    main.o(.text.main) refers to main.o(.text.SystemClock_Config) for SystemClock_Config
    main.o(.text.main) refers to gpio.o(.text.MX_GPIO_Init) for MX_GPIO_Init
    main.o(.text.main) refers to dma.o(.text.MX_DMA_Init) for MX_DMA_Init
    main.o(.text.main) refers to adc.o(.text.MX_ADC1_Init) for MX_ADC1_Init
    main.o(.text.main) refers to adc.o(.text.MX_ADC3_Init) for MX_ADC3_Init
    main.o(.text.main) refers to hrtim.o(.text.MX_HRTIM1_Init) for MX_HRTIM1_Init
    main.o(.text.main) refers to usart.o(.text.MX_USART2_UART_Init) for MX_USART2_UART_Init
    main.o(.text.main) refers to tim.o(.text.MX_TIM6_Init) for MX_TIM6_Init
    main.o(.text.main) refers to tim.o(.text.MX_TIM7_Init) for MX_TIM7_Init
    main.o(.text.main) refers to tim.o(.text.MX_TIM16_Init) for MX_TIM16_Init
    main.o(.text.main) refers to tim.o(.text.MX_TIM17_Init) for MX_TIM17_Init
    main.o(.text.main) refers to spi.o(.text.MX_SPI1_Init) for MX_SPI1_Init
    main.o(.text.main) refers to tim.o(.text.MX_TIM3_Init) for MX_TIM3_Init
    main.o(.text.main) refers to tim.o(.text.MX_TIM4_Init) for MX_TIM4_Init
    main.o(.text.main) refers to usart.o(.text.MX_UART4_Init) for MX_UART4_Init
    main.o(.text.main) refers to usart.o(.text.MX_UART5_Init) for MX_UART5_Init
    main.o(.text.main) refers to task_impl.o(.text.task_start) for task_start
    main.o(.text.main) refers to spi_oled.o(.text.OLED_Refresh_Gram) for OLED_Refresh_Gram
    main.o(.ARM.exidx.text.main) refers to main.o(.text.main) for [Anonymous Symbol]
    main.o(.text.SystemClock_Config) refers to memseta.o(.text) for __aeabi_memclr4
    main.o(.text.SystemClock_Config) refers to stm32g4xx_hal_pwr_ex.o(.text.HAL_PWREx_ControlVoltageScaling) for HAL_PWREx_ControlVoltageScaling
    main.o(.text.SystemClock_Config) refers to stm32g4xx_hal_rcc.o(.text.HAL_RCC_OscConfig) for HAL_RCC_OscConfig
    main.o(.text.SystemClock_Config) refers to stm32g4xx_hal_rcc.o(.text.HAL_RCC_ClockConfig) for HAL_RCC_ClockConfig
    main.o(.ARM.exidx.text.SystemClock_Config) refers to main.o(.text.SystemClock_Config) for [Anonymous Symbol]
    main.o(.ARM.exidx.text.Error_Handler) refers to main.o(.text.Error_Handler) for [Anonymous Symbol]
    gpio.o(.text.MX_GPIO_Init) refers to memseta.o(.text) for __aeabi_memclr4
[...]
    CommonTablesF16.c                        0x00000000   Number         0  commontablesf16.o ABSOLUTE
    ComplexMathFunctions.c                   0x00000000   Number         0  complexmathfunctions.o ABSOLUTE
    ComplexMathFunctionsF16.c                0x00000000   Number         0  complexmathfunctionsf16.o ABSOLUTE
    ControllerFunctions.c                    0x00000000   Number         0  controllerfunctions.o ABSOLUTE
    DistanceFunctions.c                      0x00000000   Number         0  distancefunctions.o ABSOLUTE
    DistanceFunctionsF16.c                   0x00000000   Number         0  distancefunctionsf16.o ABSOLUTE
    FastMathFunctions.c                      0x00000000   Number         0  fastmathfunctions.o ABSOLUTE
    FastMathFunctionsF16.c                   0x00000000   Number         0  fastmathfunctionsf16.o ABSOLUTE
    FilteringFunctions.c                     0x00000000   Number         0  filteringfunctions.o ABSOLUTE
    FilteringFunctionsF16.c                  0x00000000   Number         0  filteringfunctionsf16.o ABSOLUTE
    InterpolationFunctions.c                 0x00000000   Number         0  interpolationfunctions.o ABSOLUTE
    InterpolationFunctionsF16.c              0x00000000   Number         0  interpolationfunctionsf16.o ABSOLUTE
    MatrixFunctions.c                        0x00000000   Number         0  matrixfunctions.o ABSOLUTE
    MatrixFunctionsF16.c                     0x00000000   Number         0  matrixfunctionsf16.o ABSOLUTE
    QuaternionMathFunctions.c                0x00000000   Number         0  quaternionmathfunctions.o ABSOLUTE
    SVMFunctions.c                           0x00000000   Number         0  svmfunctions.o ABSOLUTE
    SVMFunctionsF16.c                        0x00000000   Number         0  svmfunctionsf16.o ABSOLUTE
    StatisticsFunctions.c                    0x00000000   Number         0  statisticsfunctions.o ABSOLUTE
    StatisticsFunctionsF16.c                 0x00000000   Number         0  statisticsfunctionsf16.o ABSOLUTE
    SupportFunctions.c                       0x00000000   Number         0  supportfunctions.o ABSOLUTE
    SupportFunctionsF16.c                    0x00000000   Number         0  supportfunctionsf16.o ABSOLUTE
    TransformFunctions.c                     0x00000000   Number         0  transformfunctions.o ABSOLUTE
    TransformFunctionsF16.c                  0x00000000   Number         0  transformfunctionsf16.o ABSOLUTE
    WindowFunctions.c                        0x00000000   Number         0  windowfunctions.o ABSOLUTE
    adc.c                                    0x00000000   Number         0  adc.o ABSOLUTE
    adc_convert.c                            0x00000000   Number         0  adc_convert.o ABSOLUTE
    cdcmple.s                                0x00000000   Number         0  cdcmple.o ABSOLUTE
    cdrcmple.s                               0x00000000   Number         0  cdrcmple.o ABSOLUTE
    dc.s                                     0x00000000   Number         0  dc.o ABSOLUTE
    debug_msg.c                              0x00000000   Number         0  debug_msg.o ABSOLUTE
    dma.c                                    0x00000000   Number         0  dma.o ABSOLUTE
    gpio.c                                   0x00000000   Number         0  gpio.o ABSOLUTE
    handlers.s                               0x00000000   Number         0  handlers.o ABSOLUTE
    hrtim.c                                  0x00000000   Number         0  hrtim.o ABSOLUTE
    init.s                                   0x00000000   Number         0  init.o ABSOLUTE
    main.c                                   0x00000000   Number         0  main.o ABSOLUTE
    pwm_control.c                            0x00000000   Number         0  pwm_control.o ABSOLUTE
    spi.c                                    0x00000000   Number         0  spi.o ABSOLUTE
    spi_oled.c                               0x00000000   Number         0  spi_oled.o ABSOLUTE
    startup_stm32g474xx.s                    0x00000000   Number         0  startup_stm32g474xx.o ABSOLUTE
    stm32g4xx_hal.c                          0x00000000   Number         0  stm32g4xx_hal.o ABSOLUTE
    stm32g4xx_hal_adc.c                      0x00000000   Number         0  stm32g4xx_hal_adc.o ABSOLUTE
    stm32g4xx_hal_adc_ex.c                   0x00000000   Number         0  stm32g4xx_hal_adc_ex.o ABSOLUTE
    stm32g4xx_hal_cortex.c                   0x00000000   Number         0  stm32g4xx_hal_cortex.o ABSOLUTE
    stm32g4xx_hal_dma.c                      0x00000000   Number         0  stm32g4xx_hal_dma.o ABSOLUTE
    stm32g4xx_hal_dma_ex.c                   0x00000000   Number         0  stm32g4xx_hal_dma_ex.o ABSOLUTE
    stm32g4xx_hal_exti.c                     0x00000000   Number         0  stm32g4xx_hal_exti.o ABSOLUTE
    stm32g4xx_hal_flash.c                    0x00000000   Number         0  stm32g4xx_hal_flash.o ABSOLUTE
    stm32g4xx_hal_flash_ex.c                 0x00000000   Number         0  stm32g4xx_hal_flash_ex.o ABSOLUTE
    stm32g4xx_hal_flash_ramfunc.c            0x00000000   Number         0  stm32g4xx_hal_flash_ramfunc.o ABSOLUTE
    stm32g4xx_hal_gpio.c                     0x00000000   Number         0  stm32g4xx_hal_gpio.o ABSOLUTE
    stm32g4xx_hal_hrtim.c                    0x00000000   Number         0  stm32g4xx_hal_hrtim.o ABSOLUTE
    stm32g4xx_hal_msp.c                      0x00000000   Number         0  stm32g4xx_hal_msp.o ABSOLUTE
    stm32g4xx_hal_pwr.c                      0x00000000   Number         0  stm32g4xx_hal_pwr.o ABSOLUTE
    stm32g4xx_hal_pwr_ex.c                   0x00000000   Number         0  stm32g4xx_hal_pwr_ex.o ABSOLUTE
    stm32g4xx_hal_rcc.c                      0x00000000   Number         0  stm32g4xx_hal_rcc.o ABSOLUTE
    stm32g4xx_hal_rcc_ex.c                   0x00000000   Number         0  stm32g4xx_hal_rcc_ex.o ABSOLUTE
    stm32g4xx_hal_spi.c                      0x00000000   Number         0  stm32g4xx_hal_spi.o ABSOLUTE
    stm32g4xx_hal_spi_ex.c                   0x00000000   Number         0  stm32g4xx_hal_spi_ex.o ABSOLUTE
    stm32g4xx_hal_tim.c                      0x00000000   Number         0  stm32g4xx_hal_tim.o ABSOLUTE
    stm32g4xx_hal_tim_ex.c                   0x00000000   Number         0  stm32g4xx_hal_tim_ex.o ABSOLUTE
    stm32g4xx_hal_uart.c                     0x00000000   Number         0  stm32g4xx_hal_uart.o ABSOLUTE
    stm32g4xx_hal_uart_ex.c                  0x00000000   Number         0  stm32g4xx_hal_uart_ex.o ABSOLUTE
    stm32g4xx_it.c                           0x00000000   Number         0  stm32g4xx_it.o ABSOLUTE
    stm32g4xx_ll_adc.c                       0x00000000   Number         0  stm32g4xx_ll_adc.o ABSOLUTE
    system_stm32g4xx.c                       0x00000000   Number         0  system_stm32g4xx.o ABSOLUTE
    task_impl.c                              0x00000000   Number         0  task_impl.o ABSOLUTE
    tim.c                                    0x00000000   Number         0  tim.o ABSOLUTE
    usart.c                                  0x00000000   Number         0  usart.o ABSOLUTE
    RESET                                    0x08000000   Section      472  startup_stm32g474xx.o(RESET)
    .ARM.Collect$$$$00000000                 0x080001d8   Section        0  entry.o(.ARM.Collect$$$$00000000)
    .ARM.Collect$$$$00000001                 0x080001d8   Section        4  entry2.o(.ARM.Collect$$$$00000001)
    .ARM.Collect$$$$00000004                 0x080001dc   Section        4  entry5.o(.ARM.Collect$$$$00000004)
    .ARM.Collect$$$$00000008                 0x080001e0   Section        0  entry7b.o(.ARM.Collect$$$$00000008)
    .ARM.Collect$$$$0000000A                 0x080001e0   Section        0  entry8b.o(.ARM.Collect$$$$0000000A)
    .ARM.Collect$$$$0000000B                 0x080001e0   Section        8  entry9a.o(.ARM.Collect$$$$0000000B)
    __lit__00000000                          0x080001e8   Data           4  entry2.o(.ARM.Collect$$$$00002712)
    .ARM.Collect$$$$0000000D                 0x080001e8   Section        0  entry10a.o(.ARM.Collect$$$$0000000D)
    .ARM.Collect$$$$0000000F                 0x080001e8   Section        0  entry11a.o(.ARM.Collect$$$$0000000F)
    .ARM.Collect$$$$00002712                 0x080001e8   Section        4  entry2.o(.ARM.Collect$$$$00002712)
    $v0                                      0x080001ec   Number         0  startup_stm32g474xx.o(.text)
    .text                                    0x080001ec   Section       36  startup_stm32g474xx.o(.text)
    .text                                    0x08000210   Section        0  uldiv.o(.text)
    .text                                    0x08000272   Section        0  memseta.o(.text)
    .text                                    0x08000296   Section        0  llshl.o(.text)
    .text                                    0x080002b4   Section        0  llushr.o(.text)
    .text                                    0x080002d4   Section       48  init.o(.text)
    [Anonymous Symbol]                       0x08000304   Section        0  stm32g4xx_hal_adc.o(.text.ADC_DMAConvCplt)
    [Anonymous Symbol]                       0x08000364   Section        0  stm32g4xx_hal_adc.o(.text.ADC_DMAError)
    [Anonymous Symbol]                       0x0800037a   Section        0  stm32g4xx_hal_adc.o(.text.ADC_DMAHalfConvCplt)
    [Anonymous Symbol]                       0x08000380   Section        0  stm32g4xx_hal_adc.o(.text.ADC_Enable)
    [Anonymous Symbol]                       0x08000458   Section        0  stm32g4xx_it.o(.text.BusFault_Handler)
    [Anonymous Symbol]                       0x0800045a   Section        0  stm32g4xx_it.o(.text.DMA1_Channel1_IRQHandler)
    [Anonymous Symbol]                       0x08000466   Section        0  stm32g4xx_it.o(.text.DMA1_Channel2_IRQHandler)
    [Anonymous Symbol]                       0x08000472   Section        0  stm32g4xx_it.o(.text.DMA2_Channel1_IRQHandler)
    DMA_SetConfig                            0x0800047f   Thumb Code    68  stm32g4xx_hal_dma.o(.text.DMA_SetConfig)
    [Anonymous Symbol]                       0x0800047e   Section        0  stm32g4xx_hal_dma.o(.text.DMA_SetConfig)
    [Anonymous Symbol]                       0x080004c2   Section        0  stm32g4xx_it.o(.text.DebugMon_Handler)
    [Anonymous Symbol]                       0x080004c4   Section        0  main.o(.text.Error_Handler)
    [Anonymous Symbol]                       0x080004ce   Section        0  stm32g4xx_hal_adc_ex.o(.text.HAL_ADCEx_MultiModeConfigChannel)
    [Anonymous Symbol]                       0x080005f0   Section        0  stm32g4xx_hal_adc.o(.text.HAL_ADC_ConfigChannel)
    [Anonymous Symbol]                       0x08000976   Section        0  stm32g4xx_hal_adc.o(.text.HAL_ADC_ConvCpltCallback)
    [Anonymous Symbol]                       0x08000978   Section        0  stm32g4xx_hal_adc.o(.text.HAL_ADC_ConvHalfCpltCallback)
    [Anonymous Symbol]                       0x0800097a   Section        0  adc.o(.text.HAL_ADC_DMA_Init)
    [Anonymous Symbol]                       0x080009ca   Section        0  stm32g4xx_hal_adc.o(.text.HAL_ADC_ErrorCallback)
    [Anonymous Symbol]                       0x080009cc   Section        0  stm32g4xx_hal_adc.o(.text.HAL_ADC_Init)
    [Anonymous Symbol]                       0x08000bfa   Section        0  adc.o(.text.HAL_ADC_MspInit)
    [Anonymous Symbol]                       0x08000d86   Section        0  stm32g4xx_hal_adc.o(.text.HAL_ADC_Start_DMA)
    [Anonymous Symbol]                       0x08000e9e   Section        0  stm32g4xx_hal_dma.o(.text.HAL_DMA_Abort)
    [Anonymous Symbol]                       0x08000f0c   Section        0  stm32g4xx_hal_dma.o(.text.HAL_DMA_Abort_IT)
    [Anonymous Symbol]                       0x08000f88   Section        0  stm32g4xx_hal_dma.o(.text.HAL_DMA_IRQHandler)
    [Anonymous Symbol]                       0x08001022   Section        0  stm32g4xx_hal_dma.o(.text.HAL_DMA_Init)
    [Anonymous Symbol]                       0x08001136   Section        0  stm32g4xx_hal_dma.o(.text.HAL_DMA_Start_IT)
    [Anonymous Symbol]                       0x080011c0   Section        0  stm32g4xx_hal.o(.text.HAL_Delay)
    [Anonymous Symbol]                       0x080011e8   Section        0  stm32g4xx_hal_gpio.o(.text.HAL_GPIO_Init)
    [Anonymous Symbol]                       0x08001398   Section        0  stm32g4xx_hal_gpio.o(.text.HAL_GPIO_WritePin)
    [Anonymous Symbol]                       0x080013a4   Section        0  stm32g4xx_hal.o(.text.HAL_GetTick)
    [Anonymous Symbol]                       0x080013b0   Section        0  stm32g4xx_hal_hrtim.o(.text.HAL_HRTIM_DLLCalibrationStart)
    [Anonymous Symbol]                       0x08001404   Section        0  stm32g4xx_hal_hrtim.o(.text.HAL_HRTIM_DeadTimeConfig)
    [Anonymous Symbol]                       0x0800149c   Section        0  stm32g4xx_hal_hrtim.o(.text.HAL_HRTIM_Init)
    [Anonymous Symbol]                       0x08001542   Section        0  hrtim.o(.text.HAL_HRTIM_MspInit)
    [Anonymous Symbol]                       0x08001572   Section        0  hrtim.o(.text.HAL_HRTIM_MspPostInit)
    [Anonymous Symbol]                       0x0800164c   Section        0  stm32g4xx_hal_hrtim.o(.text.HAL_HRTIM_PollForDLLCalibration)
    [Anonymous Symbol]                       0x0800169a   Section        0  stm32g4xx_hal_hrtim.o(.text.HAL_HRTIM_TimeBaseConfig)
    [Anonymous Symbol]                       0x0800170c   Section        0  stm32g4xx_hal_hrtim.o(.text.HAL_HRTIM_WaveformCompareConfig)
    [Anonymous Symbol]                       0x0800185a   Section        0  stm32g4xx_hal_hrtim.o(.text.HAL_HRTIM_WaveformCountStart)
    [Anonymous Symbol]                       0x08001882   Section        0  stm32g4xx_hal_hrtim.o(.text.HAL_HRTIM_WaveformOutputConfig)
    [Anonymous Symbol]                       0x080018bc   Section        0  stm32g4xx_hal_hrtim.o(.text.HAL_HRTIM_WaveformOutputStart)
    [Anonymous Symbol]                       0x080018e8   Section        0  stm32g4xx_hal_hrtim.o(.text.HAL_HRTIM_WaveformTimerConfig)
    [Anonymous Symbol]                       0x08001bd4   Section        0  stm32g4xx_hal_hrtim.o(.text.HAL_HRTIM_WaveformTimerControl)
    [Anonymous Symbol]                       0x08001c8c   Section        0  stm32g4xx_hal.o(.text.HAL_IncTick)
    [Anonymous Symbol]                       0x08001ca6   Section        0  stm32g4xx_hal.o(.text.HAL_Init)
    [Anonymous Symbol]                       0x08001cc2   Section        0  stm32g4xx_hal.o(.text.HAL_InitTick)
    [Anonymous Symbol]                       0x08001d16   Section        0  stm32g4xx_hal_msp.o(.text.HAL_MspInit)
    [Anonymous Symbol]                       0x08001d4a   Section        0  stm32g4xx_hal_cortex.o(.text.HAL_NVIC_EnableIRQ)
    [Anonymous Symbol]                       0x08001d6a   Section        0  stm32g4xx_hal_cortex.o(.text.HAL_NVIC_SetPriority)
    [Anonymous Symbol]                       0x08001dc0   Section        0  stm32g4xx_hal_cortex.o(.text.HAL_NVIC_SetPriorityGrouping)
    [Anonymous Symbol]                       0x08001de0   Section        0  stm32g4xx_hal_pwr_ex.o(.text.HAL_PWREx_ControlVoltageScaling)
    [Anonymous Symbol]                       0x08001ec2   Section        0  stm32g4xx_hal_pwr_ex.o(.text.HAL_PWREx_DisableUCPDDeadBattery)
    [Anonymous Symbol]                       0x08001ed4   Section        0  stm32g4xx_hal_rcc_ex.o(.text.HAL_RCCEx_PeriphCLKConfig)
    [Anonymous Symbol]                       0x08002160   Section        0  stm32g4xx_hal_rcc.o(.text.HAL_RCC_ClockConfig)
    [Anonymous Symbol]                       0x0800237e   Section        0  stm32g4xx_hal_rcc.o(.text.HAL_RCC_GetPCLK1Freq)
    [Anonymous Symbol]                       0x080023a8   Section        0  stm32g4xx_hal_rcc.o(.text.HAL_RCC_GetPCLK2Freq)
    [Anonymous Symbol]                       0x080023d2   Section        0  stm32g4xx_hal_rcc.o(.text.HAL_RCC_GetSysClockFreq)
    [Anonymous Symbol]                       0x08002450   Section        0  stm32g4xx_hal_rcc.o(.text.HAL_RCC_OscConfig)
    [Anonymous Symbol]                       0x080028ce   Section        0  stm32g4xx_hal_spi.o(.text.HAL_SPI_ErrorCallback)
    [Anonymous Symbol]                       0x080028d0   Section        0  stm32g4xx_hal_spi.o(.text.HAL_SPI_GetState)
    [Anonymous Symbol]                       0x080028d6   Section        0  stm32g4xx_hal_spi.o(.text.HAL_SPI_Init)
    [Anonymous Symbol]                       0x080029b2   Section        0  spi.o(.text.HAL_SPI_MspInit)
    [Anonymous Symbol]                       0x08002a54   Section        0  stm32g4xx_hal_spi.o(.text.HAL_SPI_Transmit)
    [Anonymous Symbol]                       0x08002bfa   Section        0  stm32g4xx_hal_spi.o(.text.HAL_SPI_Transmit_DMA)
    [Anonymous Symbol]                       0x08002d00   Section        0  stm32g4xx_hal_spi.o(.text.HAL_SPI_TxCpltCallback)
    [Anonymous Symbol]                       0x08002d02   Section        0  stm32g4xx_hal_spi.o(.text.HAL_SPI_TxHalfCpltCallback)
    [Anonymous Symbol]                       0x08002d04   Section        0  stm32g4xx_hal_cortex.o(.text.HAL_SYSTICK_Config)
    [Anonymous Symbol]                       0x08002d30   Section        0  stm32g4xx_hal_tim_ex.o(.text.HAL_TIMEx_Break2Callback)
    [Anonymous Symbol]                       0x08002d32   Section        0  stm32g4xx_hal_tim_ex.o(.text.HAL_TIMEx_BreakCallback)
    [Anonymous Symbol]                       0x08002d34   Section        0  stm32g4xx_hal_tim_ex.o(.text.HAL_TIMEx_CommutCallback)
    [Anonymous Symbol]                       0x08002d36   Section        0  stm32g4xx_hal_tim_ex.o(.text.HAL_TIMEx_DirectionChangeCallback)
    [Anonymous Symbol]                       0x08002d38   Section        0  stm32g4xx_hal_tim_ex.o(.text.HAL_TIMEx_EncoderIndexCallback)
    [Anonymous Symbol]                       0x08002d3a   Section        0  stm32g4xx_hal_tim_ex.o(.text.HAL_TIMEx_IndexErrorCallback)
    [Anonymous Symbol]                       0x08002d3c   Section        0  stm32g4xx_hal_tim_ex.o(.text.HAL_TIMEx_MasterConfigSynchronization)
    [Anonymous Symbol]                       0x08002e10   Section        0  stm32g4xx_hal_tim_ex.o(.text.HAL_TIMEx_TransitionErrorCallback)
    [Anonymous Symbol]                       0x08002e12   Section        0  stm32g4xx_hal_tim.o(.text.HAL_TIM_Base_Init)
    [Anonymous Symbol]                       0x08002e72   Section        0  tim.o(.text.HAL_TIM_Base_MspInit)
    [Anonymous Symbol]                       0x08002faa   Section        0  stm32g4xx_hal_tim.o(.text.HAL_TIM_Base_Start_IT)
    [Anonymous Symbol]                       0x0800305c   Section        0  stm32g4xx_hal_tim.o(.text.HAL_TIM_ConfigClockSource)
    [Anonymous Symbol]                       0x08003272   Section        0  stm32g4xx_hal_tim.o(.text.HAL_TIM_IC_CaptureCallback)
    [Anonymous Symbol]                       0x08003274   Section        0  stm32g4xx_hal_tim.o(.text.HAL_TIM_IRQHandler)
    [Anonymous Symbol]                       0x08003434   Section        0  stm32g4xx_hal_tim.o(.text.HAL_TIM_OC_DelayElapsedCallback)
    [Anonymous Symbol]                       0x08003436   Section        0  stm32g4xx_hal_tim.o(.text.HAL_TIM_PWM_PulseFinishedCallback)
    [Anonymous Symbol]                       0x08003438   Section        0  task_impl.o(.text.HAL_TIM_PeriodElapsedCallback)
    [Anonymous Symbol]                       0x080034b8   Section        0  stm32g4xx_hal_tim.o(.text.HAL_TIM_TriggerCallback)
    [Anonymous Symbol]                       0x080034ba   Section        0  stm32g4xx_hal_uart_ex.o(.text.HAL_UARTEx_DisableFifoMode)
    [Anonymous Symbol]                       0x080034f0   Section        0  stm32g4xx_hal_uart.o(.text.HAL_UARTEx_RxEventCallback)
    [Anonymous Symbol]                       0x080034f2   Section        0  stm32g4xx_hal_uart_ex.o(.text.HAL_UARTEx_RxFifoFullCallback)
    [Anonymous Symbol]                       0x080034f4   Section        0  stm32g4xx_hal_uart_ex.o(.text.HAL_UARTEx_SetRxFifoThreshold)
    [Anonymous Symbol]                       0x0800353e   Section        0  stm32g4xx_hal_uart_ex.o(.text.HAL_UARTEx_SetTxFifoThreshold)
    [Anonymous Symbol]                       0x08003588   Section        0  stm32g4xx_hal_uart_ex.o(.text.HAL_UARTEx_TxFifoEmptyCallback)
    [Anonymous Symbol]                       0x0800358a   Section        0  stm32g4xx_hal_uart_ex.o(.text.HAL_UARTEx_WakeupCallback)
    [Anonymous Symbol]                       0x0800358c   Section        0  stm32g4xx_hal_uart.o(.text.HAL_UART_ErrorCallback)
    [Anonymous Symbol]                       0x08003590   Section        0  stm32g4xx_hal_uart.o(.text.HAL_UART_IRQHandler)
    [Anonymous Symbol]                       0x080038ce   Section        0  stm32g4xx_hal_uart.o(.text.HAL_UART_Init)
    [Anonymous Symbol]                       0x08003930   Section        0  usart.o(.text.HAL_UART_MspInit)
    [Anonymous Symbol]                       0x08003aec   Section        0  stm32g4xx_hal_uart.o(.text.HAL_UART_Transmit)
    [Anonymous Symbol]                       0x08003baa   Section        0  stm32g4xx_hal_uart.o(.text.HAL_UART_TxCpltCallback)
    HRTIM_OutputConfig                       0x08003bad   Thumb Code   184  stm32g4xx_hal_hrtim.o(.text.HRTIM_OutputConfig)
    [Anonymous Symbol]                       0x08003bac   Section        0  stm32g4xx_hal_hrtim.o(.text.HRTIM_OutputConfig)
    [Anonymous Symbol]                       0x08003c64   Section        0  stm32g4xx_it.o(.text.HardFault_Handler)
    [Anonymous Symbol]                       0x08003c66   Section        0  adc.o(.text.MX_ADC1_Init)
    [Anonymous Symbol]                       0x08003d7e   Section        0  adc.o(.text.MX_ADC3_Init)
    [Anonymous Symbol]                       0x08003e9a   Section        0  dma.o(.text.MX_DMA_Init)
    [Anonymous Symbol]                       0x08003f12   Section        0  gpio.o(.text.MX_GPIO_Init)
    [Anonymous Symbol]                       0x08003fe4   Section        0  hrtim.o(.text.MX_HRTIM1_Init)
    [Anonymous Symbol]                       0x0800451c   Section        0  spi.o(.text.MX_SPI1_Init)
    [Anonymous Symbol]                       0x08004572   Section        0  tim.o(.text.MX_TIM16_Init)
    [Anonymous Symbol]                       0x080045ac   Section        0  tim.o(.text.MX_TIM17_Init)
    [Anonymous Symbol]                       0x080045e6   Section        0  tim.o(.text.MX_TIM3_Init)
    [Anonymous Symbol]                       0x08004658   Section        0  tim.o(.text.MX_TIM4_Init)
    [Anonymous Symbol]                       0x080046ca   Section        0  tim.o(.text.MX_TIM6_Init)
    [Anonymous Symbol]                       0x08004716   Section        0  tim.o(.text.MX_TIM7_Init)
    [Anonymous Symbol]                       0x08004762   Section        0  usart.o(.text.MX_UART4_Init)
    [Anonymous Symbol]                       0x080047dc   Section        0  usart.o(.text.MX_UART5_Init)
    [Anonymous Symbol]                       0x08004856   Section        0  usart.o(.text.MX_USART2_UART_Init)
    [Anonymous Symbol]                       0x080048d0   Section        0  stm32g4xx_it.o(.text.MemManage_Handler)
    [Anonymous Symbol]                       0x080048d4   Section        0  stm32g4xx_it.o(.text.NMI_Handler)
    [Anonymous Symbol]                       0x080048d6   Section        0  spi_oled.o(.text.OLED_Init)
    [Anonymous Symbol]                       0x08004cb4   Section        0  spi_oled.o(.text.OLED_Refresh_Gram)
    [Anonymous Symbol]                       0x08004d6e   Section        0  spi_oled.o(.text.OLED_ShowChar)
    [Anonymous Symbol]                       0x08004db2   Section        0  pwm_control.o(.text.PWM_SetPulse)
    [Anonymous Symbol]                       0x08004dd8   Section        0  pwm_control.o(.text.PWM_Start)
    [Anonymous Symbol]                       0x08004df8   Section        0  stm32g4xx_it.o(.text.PendSV_Handler)
    SPI_DMAError                             0x08004dfb   Thumb Code    30  stm32g4xx_hal_spi.o(.text.SPI_DMAError)
    [Anonymous Symbol]                       0x08004dfa   Section        0  stm32g4xx_hal_spi.o(.text.SPI_DMAError)
    SPI_DMAHalfTransmitCplt                  0x08004e19   Thumb Code     6  stm32g4xx_hal_spi.o(.text.SPI_DMAHalfTransmitCplt)
    [Anonymous Symbol]                       0x08004e18   Section        0  stm32g4xx_hal_spi.o(.text.SPI_DMAHalfTransmitCplt)
    SPI_DMATransmitCplt                      0x08004e1f   Thumb Code   116  stm32g4xx_hal_spi.o(.text.SPI_DMATransmitCplt)
    [Anonymous Symbol]                       0x08004e1e   Section        0  stm32g4xx_hal_spi.o(.text.SPI_DMATransmitCplt)
    SPI_EndRxTxTransaction                   0x08004e93   Thumb Code    66  stm32g4xx_hal_spi.o(.text.SPI_EndRxTxTransaction)
    [Anonymous Symbol]                       0x08004e92   Section        0  stm32g4xx_hal_spi.o(.text.SPI_EndRxTxTransaction)
    SPI_WaitFifoStateUntilTimeout            0x08004ed5   Thumb Code   230  stm32g4xx_hal_spi.o(.text.SPI_WaitFifoStateUntilTimeout)
    [Anonymous Symbol]                       0x08004ed4   Section        0  stm32g4xx_hal_spi.o(.text.SPI_WaitFifoStateUntilTimeout)
    SPI_WaitFlagStateUntilTimeout            0x08004fbd   Thumb Code   174  stm32g4xx_hal_spi.o(.text.SPI_WaitFlagStateUntilTimeout)
    [Anonymous Symbol]                       0x08004fbc   Section        0  stm32g4xx_hal_spi.o(.text.SPI_WaitFlagStateUntilTimeout)
    [Anonymous Symbol]                       0x0800506a   Section        0  stm32g4xx_it.o(.text.SVC_Handler)
    [Anonymous Symbol]                       0x0800506c   Section        0  stm32g4xx_it.o(.text.SysTick_Handler)
    [Anonymous Symbol]                       0x08005070   Section        0  main.o(.text.SystemClock_Config)
    [Anonymous Symbol]                       0x080050de   Section        0  system_stm32g4xx.o(.text.SystemInit)
    [Anonymous Symbol]                       0x080050f0   Section        0  stm32g4xx_it.o(.text.TIM1_TRG_COM_TIM17_IRQHandler)
    [Anonymous Symbol]                       0x080050fc   Section        0  stm32g4xx_it.o(.text.TIM1_UP_TIM16_IRQHandler)
    [Anonymous Symbol]                       0x08005108   Section        0  stm32g4xx_it.o(.text.TIM6_DAC_IRQHandler)
    [Anonymous Symbol]                       0x08005114   Section        0  stm32g4xx_it.o(.text.TIM7_DAC_IRQHandler)
    [Anonymous Symbol]                       0x08005120   Section        0  stm32g4xx_hal_tim.o(.text.TIM_Base_SetConfig)
    [Anonymous Symbol]                       0x08005266   Section        0  stm32g4xx_it.o(.text.UART4_IRQHandler)
    [Anonymous Symbol]                       0x08005272   Section        0  stm32g4xx_it.o(.text.UART5_IRQHandler)
    UARTEx_SetNbDataToProcess                0x0800527f   Thumb Code    82  stm32g4xx_hal_uart_ex.o(.text.UARTEx_SetNbDataToProcess)
    [Anonymous Symbol]                       0x0800527e   Section        0  stm32g4xx_hal_uart_ex.o(.text.UARTEx_SetNbDataToProcess)
    [Anonymous Symbol]                       0x080052d0   Section        0  stm32g4xx_hal_uart.o(.text.UART_AdvFeatureConfig)
    [Anonymous Symbol]                       0x0800539c   Section        0  stm32g4xx_hal_uart.o(.text.UART_CheckIdleState)
    UART_DMAAbortOnError                     0x0800545b   Thumb Code    12  stm32g4xx_hal_uart.o(.text.UART_DMAAbortOnError)
    [Anonymous Symbol]                       0x0800545a   Section        0  stm32g4xx_hal_uart.o(.text.UART_DMAAbortOnError)
    UART_EndRxTransfer                       0x08005469   Thumb Code    90  stm32g4xx_hal_uart.o(.text.UART_EndRxTransfer)
    [Anonymous Symbol]                       0x08005468   Section        0  stm32g4xx_hal_uart.o(.text.UART_EndRxTransfer)
    [Anonymous Symbol]                       0x080054c4   Section        0  stm32g4xx_hal_uart.o(.text.UART_SetConfig)
    [Anonymous Symbol]                       0x08005750   Section        0  stm32g4xx_hal_uart.o(.text.UART_WaitOnFlagUntilTimeout)
    [Anonymous Symbol]                       0x080057e8   Section        0  stm32g4xx_it.o(.text.USART2_IRQHandler)
    [Anonymous Symbol]                       0x080057f4   Section        0  stm32g4xx_it.o(.text.UsageFault_Handler)
    [Anonymous Symbol]                       0x080057f8   Section        0  adc_convert.o(.text.adc_convert_current)
    [Anonymous Symbol]                       0x08005828   Section        0  task_impl.o(.text.adc_convert_task)
    [Anonymous Symbol]                       0x08005878   Section        0  adc_convert.o(.text.adc_convert_voltage)
    [Anonymous Symbol]                       0x08005894   Section        0  adc_convert.o(.text.adc_val_diff)
    [Anonymous Symbol]                       0x080058f8   Section        0  main.o(.text.main)
    [Anonymous Symbol]                       0x08005948   Section        0  debug_msg.o(.text.send_debug_msg)
    [Anonymous Symbol]                       0x080059a4   Section        0  task_impl.o(.text.task_start)
    i.__scatterload_copy                     0x08005a30   Section       14  handlers.o(i.__scatterload_copy)
    i.__scatterload_null                     0x08005a3e   Section        2  handlers.o(i.__scatterload_null)
    i.__scatterload_zeroinit                 0x08005a40   Section       14  handlers.o(i.__scatterload_zeroinit)
    .Lswitch.table.UART_SetConfig.5          0x08005ca8   Data          16  stm32g4xx_hal_uart.o(.rodata.cst16)
    UARTEx_SetNbDataToProcess.numerator      0x08005cb8   Data           8  stm32g4xx_hal_uart_ex.o(.rodata.cst8)
    [Anonymous Symbol]                       0x08005cb8   Section        0  stm32g4xx_hal_uart_ex.o(.rodata.cst8)
    UARTEx_SetNbDataToProcess.denominator    0x08005cc0   Data           8  stm32g4xx_hal_uart_ex.o(.rodata.cst8)
    adc_diff_values                          0x20000490   Data          32  adc_convert.o(.bss.adc_diff_values)
    [Anonymous Symbol]                       0x20000490   Section        0  adc_convert.o(.bss.adc_diff_values)
    STACK                                    0x20000be8   Section     1024  startup_stm32g474xx.o(STACK)

    Global Symbols

    Symbol Name                              Value     Ov Type        Size  Object(Section)

    BuildAttributes$$THM_ISAv4$E$P$D$K$B$S$7EM$VFPi3$EXTD16$VFPS$VFMA$PE$A:L22UL41UL21$X:L11$S22US41US21$IEEE1$IW$~IW$USESV6$~STKCKD$USESV7$~SHL$OTIME$ROPI$IEEEX$EBA8$MICROLIB$REQ8$PRES8$EABIv2 0x00000000   Number         0  anon$$obj.o ABSOLUTE
    __cpp_initialize__aeabi_                  - Undefined Weak Reference
    __cxa_finalize                            - Undefined Weak Reference
    __decompress                              - Undefined Weak Reference
    _clock_init                               - Undefined Weak Reference
    _microlib_exit                            - Undefined Weak Reference
    __Vectors_Size                           0x000001d8   Number         0  startup_stm32g474xx.o ABSOLUTE
    __Vectors                                0x08000000   Data           4  startup_stm32g474xx.o(RESET)
    __Vectors_End                            0x080001d8   Data           0  startup_stm32g474xx.o(RESET)
    __main                                   0x080001d9   Thumb Code     0  entry.o(.ARM.Collect$$$$00000000)
    _main_stk                                0x080001d9   Thumb Code     0  entry2.o(.ARM.Collect$$$$00000001)
    _main_scatterload                        0x080001dd   Thumb Code     0  entry5.o(.ARM.Collect$$$$00000004)
    __main_after_scatterload                 0x080001e1   Thumb Code     0  entry5.o(.ARM.Collect$$$$00000004)
    _main_clock                              0x080001e1   Thumb Code     0  entry7b.o(.ARM.Collect$$$$00000008)
    _main_cpp_init                           0x080001e1   Thumb Code     0  entry8b.o(.ARM.Collect$$$$0000000A)
    _main_init                               0x080001e1   Thumb Code     0  entry9a.o(.ARM.Collect$$$$0000000B)
    __rt_final_cpp                           0x080001e9   Thumb Code     0  entry10a.o(.ARM.Collect$$$$0000000D)
    __rt_final_exit                          0x080001e9   Thumb Code     0  entry11a.o(.ARM.Collect$$$$0000000F)
    Reset_Handler                            0x080001ed   Thumb Code     8  startup_stm32g474xx.o(.text)
    ADC1_2_IRQHandler                        0x08000207   Thumb Code     0  startup_stm32g474xx.o(.text)
    ADC3_IRQHandler                          0x08000207   Thumb Code     0  startup_stm32g474xx.o(.text)
    ADC4_IRQHandler                          0x08000207   Thumb Code     0  startup_stm32g474xx.o(.text)
    ADC5_IRQHandler                          0x08000207   Thumb Code     0  startup_stm32g474xx.o(.text)
    COMP1_2_3_IRQHandler                     0x08000207   Thumb Code     0  startup_stm32g474xx.o(.text)
    COMP4_5_6_IRQHandler                     0x08000207   Thumb Code     0  startup_stm32g474xx.o(.text)
    COMP7_IRQHandler                         0x08000207   Thumb Code     0  startup_stm32g474xx.o(.text)
    CORDIC_IRQHandler                        0x08000207   Thumb Code     0  startup_stm32g474xx.o(.text)
    CRS_IRQHandler                           0x08000207   Thumb Code     0  startup_stm32g474xx.o(.text)
    DMA1_Channel3_IRQHandler                 0x08000207   Thumb Code     0  startup_stm32g474xx.o(.text)
    DMA1_Channel4_IRQHandler                 0x08000207   Thumb Code     0  startup_stm32g474xx.o(.text)
    DMA1_Channel5_IRQHandler                 0x08000207   Thumb Code     0  startup_stm32g474xx.o(.text)
    DMA1_Channel6_IRQHandler                 0x08000207   Thumb Code     0  startup_stm32g474xx.o(.text)
    DMA1_Channel7_IRQHandler                 0x08000207   Thumb Code     0  startup_stm32g474xx.o(.text)
    DMA1_Channel8_IRQHandler                 0x08000207   Thumb Code     0  startup_stm32g474xx.o(.text)
    DMA2_Channel2_IRQHandler                 0x08000207   Thumb Code     0  startup_stm32g474xx.o(.text)
    DMA2_Channel3_IRQHandler                 0x08000207   Thumb Code     0  startup_stm32g474xx.o(.text)
    DMA2_Channel4_IRQHandler                 0x08000207   Thumb Code     0  startup_stm32g474xx.o(.text)
    DMA2_Channel5_IRQHandler                 0x08000207   Thumb Code     0  startup_stm32g474xx.o(.text)
    DMA2_Channel6_IRQHandler                 0x08000207   Thumb Code     0  startup_stm32g474xx.o(.text)
    DMA2_Channel7_IRQHandler                 0x08000207   Thumb Code     0  startup_stm32g474xx.o(.text)
    DMA2_Channel8_IRQHandler                 0x08000207   Thumb Code     0  startup_stm32g474xx.o(.text)
    DMAMUX_OVR_IRQHandler                    0x08000207   Thumb Code     0  startup_stm32g474xx.o(.text)
    EXTI0_IRQHandler                         0x08000207   Thumb Code     0  startup_stm32g474xx.o(.text)
    EXTI15_10_IRQHandler                     0x08000207   Thumb Code     0  startup_stm32g474xx.o(.text)
    EXTI1_IRQHandler                         0x08000207   Thumb Code     0  startup_stm32g474xx.o(.text)
    EXTI2_IRQHandler                         0x08000207   Thumb Code     0  startup_stm32g474xx.o(.text)
    EXTI3_IRQHandler                         0x08000207   Thumb Code     0  startup_stm32g474xx.o(.text)
    EXTI4_IRQHandler                         0x08000207   Thumb Code     0  startup_stm32g474xx.o(.text)
    EXTI9_5_IRQHandler                       0x08000207   Thumb Code     0  startup_stm32g474xx.o(.text)
    FDCAN1_IT0_IRQHandler                    0x08000207   Thumb Code     0  startup_stm32g474xx.o(.text)
    FDCAN1_IT1_IRQHandler                    0x08000207   Thumb Code     0  startup_stm32g474xx.o(.text)
    FDCAN2_IT0_IRQHandler                    0x08000207   Thumb Code     0  startup_stm32g474xx.o(.text)
    FDCAN2_IT1_IRQHandler                    0x08000207   Thumb Code     0  startup_stm32g474xx.o(.text)
    FDCAN3_IT0_IRQHandler                    0x08000207   Thumb Code     0  startup_stm32g474xx.o(.text)
    FDCAN3_IT1_IRQHandler                    0x08000207   Thumb Code     0  startup_stm32g474xx.o(.text)
    FLASH_IRQHandler                         0x08000207   Thumb Code     0  startup_stm32g474xx.o(.text)
    FMAC_IRQHandler                          0x08000207   Thumb Code     0  startup_stm32g474xx.o(.text)
    FMC_IRQHandler                           0x08000207   Thumb Code     0  startup_stm32g474xx.o(.text)
    FPU_IRQHandler                           0x08000207   Thumb Code     0  startup_stm32g474xx.o(.text)
    HRTIM1_FLT_IRQHandler                    0x08000207   Thumb Code     0  startup_stm32g474xx.o(.text)
    HRTIM1_Master_IRQHandler                 0x08000207   Thumb Code     0  startup_stm32g474xx.o(.text)
    HRTIM1_TIMA_IRQHandler                   0x08000207   Thumb Code     0  startup_stm32g474xx.o(.text)
    HRTIM1_TIMB_IRQHandler                   0x08000207   Thumb Code     0  startup_stm32g474xx.o(.text)
    HRTIM1_TIMC_IRQHandler                   0x08000207   Thumb Code     0  startup_stm32g474xx.o(.text)
    HRTIM1_TIMD_IRQHandler                   0x08000207   Thumb Code     0  startup_stm32g474xx.o(.text)
    HRTIM1_TIME_IRQHandler                   0x08000207   Thumb Code     0  startup_stm32g474xx.o(.text)
    HRTIM1_TIMF_IRQHandler                   0x08000207   Thumb Code     0  startup_stm32g474xx.o(.text)
    I2C1_ER_IRQHandler                       0x08000207   Thumb Code     0  startup_stm32g474xx.o(.text)
    I2C1_EV_IRQHandler                       0x08000207   Thumb Code     0  startup_stm32g474xx.o(.text)
    I2C2_ER_IRQHandler                       0x08000207   Thumb Code     0  startup_stm32g474xx.o(.text)
    I2C2_EV_IRQHandler                       0x08000207   Thumb Code     0  startup_stm32g474xx.o(.text)
    I2C3_ER_IRQHandler                       0x08000207   Thumb Code     0  startup_stm32g474xx.o(.text)
    I2C3_EV_IRQHandler                       0x08000207   Thumb Code     0  startup_stm32g474xx.o(.text)
    I2C4_ER_IRQHandler                       0x08000207   Thumb Code     0  startup_stm32g474xx.o(.text)
    I2C4_EV_IRQHandler                       0x08000207   Thumb Code     0  startup_stm32g474xx.o(.text)
    LPTIM1_IRQHandler                        0x08000207   Thumb Code     0  startup_stm32g474xx.o(.text)
    LPUART1_IRQHandler                       0x08000207   Thumb Code     0  startup_stm32g474xx.o(.text)
    PVD_PVM_IRQHandler                       0x08000207   Thumb Code     0  startup_stm32g474xx.o(.text)
    QUADSPI_IRQHandler                       0x08000207   Thumb Code     0  startup_stm32g474xx.o(.text)
    RCC_IRQHandler                           0x08000207   Thumb Code     0  startup_stm32g474xx.o(.text)
    RNG_IRQHandler                           0x08000207   Thumb Code     0  startup_stm32g474xx.o(.text)
    RTC_Alarm_IRQHandler                     0x08000207   Thumb Code     0  startup_stm32g474xx.o(.text)
    RTC_TAMP_LSECSS_IRQHandler               0x08000207   Thumb Code     0  startup_stm32g474xx.o(.text)
    RTC_WKUP_IRQHandler                      0x08000207   Thumb Code     0  startup_stm32g474xx.o(.text)
    SAI1_IRQHandler                          0x08000207   Thumb Code     0  startup_stm32g474xx.o(.text)
    SPI1_IRQHandler                          0x08000207   Thumb Code     0  startup_stm32g474xx.o(.text)
    SPI2_IRQHandler                          0x08000207   Thumb Code     0  startup_stm32g474xx.o(.text)
    SPI3_IRQHandler                          0x08000207   Thumb Code     0  startup_stm32g474xx.o(.text)
    SPI4_IRQHandler                          0x08000207   Thumb Code     0  startup_stm32g474xx.o(.text)
    TIM1_BRK_TIM15_IRQHandler                0x08000207   Thumb Code     0  startup_stm32g474xx.o(.text)
    TIM1_CC_IRQHandler                       0x08000207   Thumb Code     0  startup_stm32g474xx.o(.text)
    TIM20_BRK_IRQHandler                     0x08000207   Thumb Code     0  startup_stm32g474xx.o(.text)
    TIM20_CC_IRQHandler                      0x08000207   Thumb Code     0  startup_stm32g474xx.o(.text)
    TIM20_TRG_COM_IRQHandler                 0x08000207   Thumb Code     0  startup_stm32g474xx.o(.text)
    TIM20_UP_IRQHandler                      0x08000207   Thumb Code     0  startup_stm32g474xx.o(.text)
    TIM2_IRQHandler                          0x08000207   Thumb Code     0  startup_stm32g474xx.o(.text)
    TIM3_IRQHandler                          0x08000207   Thumb Code     0  startup_stm32g474xx.o(.text)
    TIM4_IRQHandler                          0x08000207   Thumb Code     0  startup_stm32g474xx.o(.text)
    TIM5_IRQHandler                          0x08000207   Thumb Code     0  startup_stm32g474xx.o(.text)
    TIM8_BRK_IRQHandler                      0x08000207   Thumb Code     0  startup_stm32g474xx.o(.text)
    TIM8_CC_IRQHandler                       0x08000207   Thumb Code     0  startup_stm32g474xx.o(.text)
    TIM8_TRG_COM_IRQHandler                  0x08000207   Thumb Code     0  startup_stm32g474xx.o(.text)
    TIM8_UP_IRQHandler                       0x08000207   Thumb Code     0  startup_stm32g474xx.o(.text)
    UCPD1_IRQHandler                         0x08000207   Thumb Code     0  startup_stm32g474xx.o(.text)
    USART1_IRQHandler                        0x08000207   Thumb Code     0  startup_stm32g474xx.o(.text)
    USART3_IRQHandler                        0x08000207   Thumb Code     0  startup_stm32g474xx.o(.text)
    USBWakeUp_IRQHandler                     0x08000207   Thumb Code     0  startup_stm32g474xx.o(.text)
    USB_HP_IRQHandler                        0x08000207   Thumb Code     0  startup_stm32g474xx.o(.text)
    USB_LP_IRQHandler                        0x08000207   Thumb Code     0  startup_stm32g474xx.o(.text)
    WWDG_IRQHandler                          0x08000207   Thumb Code     0  startup_stm32g474xx.o(.text)
    __aeabi_uldivmod                         0x08000211   Thumb Code    98  uldiv.o(.text)
    __aeabi_memset                           0x08000273   Thumb Code    14  memseta.o(.text)
    __aeabi_memset4                          0x08000273   Thumb Code     0  memseta.o(.text)
    __aeabi_memset8                          0x08000273   Thumb Code     0  memseta.o(.text)
    __aeabi_memclr                           0x08000281   Thumb Code     4  memseta.o(.text)
    __aeabi_memclr4                          0x08000281   Thumb Code     0  memseta.o(.text)
    __aeabi_memclr8                          0x08000281   Thumb Code     0  memseta.o(.text)
    _memset$wrapper                          0x08000285   Thumb Code    18  memseta.o(.text)
    __aeabi_llsl                             0x08000297   Thumb Code    30  llshl.o(.text)
    _ll_shift_l                              0x08000297   Thumb Code     0  llshl.o(.text)
    __aeabi_llsr                             0x080002b5   Thumb Code    32  llushr.o(.text)
    _ll_ushift_r                             0x080002b5   Thumb Code     0  llushr.o(.text)
    __scatterload                            0x080002d5   Thumb Code    38  init.o(.text)
    __scatterload_rt2                        0x080002d5   Thumb Code     0  init.o(.text)
    ADC_DMAConvCplt                          0x08000305   Thumb Code    96  stm32g4xx_hal_adc.o(.text.ADC_DMAConvCplt)
    ADC_DMAError                             0x08000365   Thumb Code    22  stm32g4xx_hal_adc.o(.text.ADC_DMAError)
    ADC_DMAHalfConvCplt                      0x0800037b   Thumb Code     6  stm32g4xx_hal_adc.o(.text.ADC_DMAHalfConvCplt)
    ADC_Enable                               0x08000381   Thumb Code   214  stm32g4xx_hal_adc.o(.text.ADC_Enable)
    BusFault_Handler                         0x08000459   Thumb Code     2  stm32g4xx_it.o(.text.BusFault_Handler)
    DMA1_Channel1_IRQHandler                 0x0800045b   Thumb Code    12  stm32g4xx_it.o(.text.DMA1_Channel1_IRQHandler)
    DMA1_Channel2_IRQHandler                 0x08000467   Thumb Code    12  stm32g4xx_it.o(.text.DMA1_Channel2_IRQHandler)
    DMA2_Channel1_IRQHandler                 0x08000473   Thumb Code    12  stm32g4xx_it.o(.text.DMA2_Channel1_IRQHandler)
    DebugMon_Handler                         0x080004c3   Thumb Code     2  stm32g4xx_it.o(.text.DebugMon_Handler)
    Error_Handler                            0x080004c5   Thumb Code    10  main.o(.text.Error_Handler)
    HAL_ADCEx_MultiModeConfigChannel         0x080004cf   Thumb Code   288  stm32g4xx_hal_adc_ex.o(.text.HAL_ADCEx_MultiModeConfigChannel)
    HAL_ADC_ConfigChannel                    0x080005f1   Thumb Code   902  stm32g4xx_hal_adc.o(.text.HAL_ADC_ConfigChannel)
    HAL_ADC_ConvCpltCallback                 0x08000977   Thumb Code     2  stm32g4xx_hal_adc.o(.text.HAL_ADC_ConvCpltCallback)
    HAL_ADC_ConvHalfCpltCallback             0x08000979   Thumb Code     2  stm32g4xx_hal_adc.o(.text.HAL_ADC_ConvHalfCpltCallback)
    HAL_ADC_DMA_Init                         0x0800097b   Thumb Code    80  adc.o(.text.HAL_ADC_DMA_Init)
    HAL_ADC_ErrorCallback                    0x080009cb   Thumb Code     2  stm32g4xx_hal_adc.o(.text.HAL_ADC_ErrorCallback)
    HAL_ADC_Init                             0x080009cd   Thumb Code   558  stm32g4xx_hal_adc.o(.text.HAL_ADC_Init)
    HAL_ADC_MspInit                          0x08000bfb   Thumb Code   396  adc.o(.text.HAL_ADC_MspInit)
    HAL_ADC_Start_DMA                        0x08000d87   Thumb Code   280  stm32g4xx_hal_adc.o(.text.HAL_ADC_Start_DMA)
    HAL_DMA_Abort                            0x08000e9f   Thumb Code   110  stm32g4xx_hal_dma.o(.text.HAL_DMA_Abort)
    HAL_DMA_Abort_IT                         0x08000f0d   Thumb Code   124  stm32g4xx_hal_dma.o(.text.HAL_DMA_Abort_IT)
    HAL_DMA_IRQHandler                       0x08000f89   Thumb Code   154  stm32g4xx_hal_dma.o(.text.HAL_DMA_IRQHandler)
    HAL_DMA_Init                             0x08001023   Thumb Code   276  stm32g4xx_hal_dma.o(.text.HAL_DMA_Init)
    HAL_DMA_Start_IT                         0x08001137   Thumb Code   136  stm32g4xx_hal_dma.o(.text.HAL_DMA_Start_IT)
    HAL_Delay                                0x080011c1   Thumb Code    40  stm32g4xx_hal.o(.text.HAL_Delay)
    HAL_GPIO_Init                            0x080011e9   Thumb Code   432  stm32g4xx_hal_gpio.o(.text.HAL_GPIO_Init)
    HAL_GPIO_WritePin                        0x08001399   Thumb Code    12  stm32g4xx_hal_gpio.o(.text.HAL_GPIO_WritePin)
    HAL_GetTick                              0x080013a5   Thumb Code    12  stm32g4xx_hal.o(.text.HAL_GetTick)
    HAL_HRTIM_DLLCalibrationStart            0x080013b1   Thumb Code    84  stm32g4xx_hal_hrtim.o(.text.HAL_HRTIM_DLLCalibrationStart)
    HAL_HRTIM_DeadTimeConfig                 0x08001405   Thumb Code   152  stm32g4xx_hal_hrtim.o(.text.HAL_HRTIM_DeadTimeConfig)
    HAL_HRTIM_Init                           0x0800149d   Thumb Code   166  stm32g4xx_hal_hrtim.o(.text.HAL_HRTIM_Init)
    HAL_HRTIM_MspInit                        0x08001543   Thumb Code    48  hrtim.o(.text.HAL_HRTIM_MspInit)
    HAL_HRTIM_MspPostInit                    0x08001573   Thumb Code   218  hrtim.o(.text.HAL_HRTIM_MspPostInit)
    HAL_HRTIM_PollForDLLCalibration          0x0800164d   Thumb Code    78  stm32g4xx_hal_hrtim.o(.text.HAL_HRTIM_PollForDLLCalibration)
    HAL_HRTIM_TimeBaseConfig                 0x0800169b   Thumb Code   114  stm32g4xx_hal_hrtim.o(.text.HAL_HRTIM_TimeBaseConfig)
    HAL_HRTIM_WaveformCompareConfig          0x0800170d   Thumb Code   334  stm32g4xx_hal_hrtim.o(.text.HAL_HRTIM_WaveformCompareConfig)
    HAL_HRTIM_WaveformCountStart             0x0800185b   Thumb Code    40  stm32g4xx_hal_hrtim.o(.text.HAL_HRTIM_WaveformCountStart)
    HAL_HRTIM_WaveformOutputConfig           0x08001883   Thumb Code    58  stm32g4xx_hal_hrtim.o(.text.HAL_HRTIM_WaveformOutputConfig)
    HAL_HRTIM_WaveformOutputStart            0x080018bd   Thumb Code    44  stm32g4xx_hal_hrtim.o(.text.HAL_HRTIM_WaveformOutputStart)
    HAL_HRTIM_WaveformTimerConfig            0x080018e9   Thumb Code   700  stm32g4xx_hal_hrtim.o(.text.HAL_HRTIM_WaveformTimerConfig)
    HAL_HRTIM_WaveformTimerControl           0x08001bd5   Thumb Code   156  stm32g4xx_hal_hrtim.o(.text.HAL_HRTIM_WaveformTimerControl)
    HAL_IncTick                              0x08001c8d   Thumb Code    26  stm32g4xx_hal.o(.text.HAL_IncTick)
    HAL_Init                                 0x08001ca7   Thumb Code    28  stm32g4xx_hal.o(.text.HAL_Init)
    HAL_InitTick                             0x08001cc3   Thumb Code    84  stm32g4xx_hal.o(.text.HAL_InitTick)
    HAL_MspInit                              0x08001d17   Thumb Code    52  stm32g4xx_hal_msp.o(.text.HAL_MspInit)
    HAL_NVIC_EnableIRQ                       0x08001d4b   Thumb Code    32  stm32g4xx_hal_cortex.o(.text.HAL_NVIC_EnableIRQ)
    HAL_NVIC_SetPriority                     0x08001d6b   Thumb Code    86  stm32g4xx_hal_cortex.o(.text.HAL_NVIC_SetPriority)
    HAL_NVIC_SetPriorityGrouping             0x08001dc1   Thumb Code    32  stm32g4xx_hal_cortex.o(.text.HAL_NVIC_SetPriorityGrouping)
    HAL_PWREx_ControlVoltageScaling          0x08001de1   Thumb Code   226  stm32g4xx_hal_pwr_ex.o(.text.HAL_PWREx_ControlVoltageScaling)
    HAL_PWREx_DisableUCPDDeadBattery         0x08001ec3   Thumb Code    18  stm32g4xx_hal_pwr_ex.o(.text.HAL_PWREx_DisableUCPDDeadBattery)
    HAL_RCCEx_PeriphCLKConfig                0x08001ed5   Thumb Code   650  stm32g4xx_hal_rcc_ex.o(.text.HAL_RCCEx_PeriphCLKConfig)
    HAL_RCC_ClockConfig                      0x08002161   Thumb Code   542  stm32g4xx_hal_rcc.o(.text.HAL_RCC_ClockConfig)
    HAL_RCC_GetPCLK1Freq                     0x0800237f   Thumb Code    42  stm32g4xx_hal_rcc.o(.text.HAL_RCC_GetPCLK1Freq)
    HAL_RCC_GetPCLK2Freq                     0x080023a9   Thumb Code    42  stm32g4xx_hal_rcc.o(.text.HAL_RCC_GetPCLK2Freq)
    HAL_RCC_GetSysClockFreq                  0x080023d3   Thumb Code   124  stm32g4xx_hal_rcc.o(.text.HAL_RCC_GetSysClockFreq)
    HAL_RCC_OscConfig                        0x08002451   Thumb Code  1150  stm32g4xx_hal_rcc.o(.text.HAL_RCC_OscConfig)
    HAL_SPI_ErrorCallback                    0x080028cf   Thumb Code     2  stm32g4xx_hal_spi.o(.text.HAL_SPI_ErrorCallback)
    HAL_SPI_GetState                         0x080028d1   Thumb Code     6  stm32g4xx_hal_spi.o(.text.HAL_SPI_GetState)
    HAL_SPI_Init                             0x080028d7   Thumb Code   220  stm32g4xx_hal_spi.o(.text.HAL_SPI_Init)
    HAL_SPI_MspInit                          0x080029b3   Thumb Code   160  spi.o(.text.HAL_SPI_MspInit)
    HAL_SPI_Transmit                         0x08002a55   Thumb Code   422  stm32g4xx_hal_spi.o(.text.HAL_SPI_Transmit)
    HAL_SPI_Transmit_DMA                     0x08002bfb   Thumb Code   262  stm32g4xx_hal_spi.o(.text.HAL_SPI_Transmit_DMA)
    HAL_SPI_TxCpltCallback                   0x08002d01   Thumb Code     2  stm32g4xx_hal_spi.o(.text.HAL_SPI_TxCpltCallback)
    HAL_SPI_TxHalfCpltCallback               0x08002d03   Thumb Code     2  stm32g4xx_hal_spi.o(.text.HAL_SPI_TxHalfCpltCallback)
    HAL_SYSTICK_Config                       0x08002d05   Thumb Code    44  stm32g4xx_hal_cortex.o(.text.HAL_SYSTICK_Config)
    HAL_TIMEx_Break2Callback                 0x08002d31   Thumb Code     2  stm32g4xx_hal_tim_ex.o(.text.HAL_TIMEx_Break2Callback)
    HAL_TIMEx_BreakCallback                  0x08002d33   Thumb Code     2  stm32g4xx_hal_tim_ex.o(.text.HAL_TIMEx_BreakCallback)
    HAL_TIMEx_CommutCallback                 0x08002d35   Thumb Code     2  stm32g4xx_hal_tim_ex.o(.text.HAL_TIMEx_CommutCallback)
    HAL_TIMEx_DirectionChangeCallback        0x08002d37   Thumb Code     2  stm32g4xx_hal_tim_ex.o(.text.HAL_TIMEx_DirectionChangeCallback)
    HAL_TIMEx_EncoderIndexCallback           0x08002d39   Thumb Code     2  stm32g4xx_hal_tim_ex.o(.text.HAL_TIMEx_EncoderIndexCallback)
    HAL_TIMEx_IndexErrorCallback             0x08002d3b   Thumb Code     2  stm32g4xx_hal_tim_ex.o(.text.HAL_TIMEx_IndexErrorCallback)
    HAL_TIMEx_MasterConfigSynchronization    0x08002d3d   Thumb Code   212  stm32g4xx_hal_tim_ex.o(.text.HAL_TIMEx_MasterConfigSynchronization)
    HAL_TIMEx_TransitionErrorCallback        0x08002e11   Thumb Code     2  stm32g4xx_hal_tim_ex.o(.text.HAL_TIMEx_TransitionErrorCallback)
    HAL_TIM_Base_Init                        0x08002e13   Thumb Code    96  stm32g4xx_hal_tim.o(.text.HAL_TIM_Base_Init)
    HAL_TIM_Base_MspInit                     0x08002e73   Thumb Code   312  tim.o(.text.HAL_TIM_Base_MspInit)
    HAL_TIM_Base_Start_IT                    0x08002fab   Thumb Code   178  stm32g4xx_hal_tim.o(.text.HAL_TIM_Base_Start_IT)
    HAL_TIM_ConfigClockSource                0x0800305d   Thumb Code   534  stm32g4xx_hal_tim.o(.text.HAL_TIM_ConfigClockSource)
    HAL_TIM_IC_CaptureCallback               0x08003273   Thumb Code     2  stm32g4xx_hal_tim.o(.text.HAL_TIM_IC_CaptureCallback)
    HAL_TIM_IRQHandler                       0x08003275   Thumb Code   448  stm32g4xx_hal_tim.o(.text.HAL_TIM_IRQHandler)
    HAL_TIM_OC_DelayElapsedCallback          0x08003435   Thumb Code     2  stm32g4xx_hal_tim.o(.text.HAL_TIM_OC_DelayElapsedCallback)
    HAL_TIM_PWM_PulseFinishedCallback        0x08003437   Thumb Code     2  stm32g4xx_hal_tim.o(.text.HAL_TIM_PWM_PulseFinishedCallback)
    HAL_TIM_PeriodElapsedCallback            0x08003439   Thumb Code   128  task_impl.o(.text.HAL_TIM_PeriodElapsedCallback)
    HAL_TIM_TriggerCallback                  0x080034b9   Thumb Code     2  stm32g4xx_hal_tim.o(.text.HAL_TIM_TriggerCallback)
    HAL_UARTEx_DisableFifoMode               0x080034bb   Thumb Code    54  stm32g4xx_hal_uart_ex.o(.text.HAL_UARTEx_DisableFifoMode)
    HAL_UARTEx_RxEventCallback               0x080034f1   Thumb Code     2  stm32g4xx_hal_uart.o(.text.HAL_UARTEx_RxEventCallback)
    HAL_UARTEx_RxFifoFullCallback            0x080034f3   Thumb Code     2  stm32g4xx_hal_uart_ex.o(.text.HAL_UARTEx_RxFifoFullCallback)
    HAL_UARTEx_SetRxFifoThreshold            0x080034f5   Thumb Code    74  stm32g4xx_hal_uart_ex.o(.text.HAL_UARTEx_SetRxFifoThreshold)
    HAL_UARTEx_SetTxFifoThreshold            0x0800353f   Thumb Code    74  stm32g4xx_hal_uart_ex.o(.text.HAL_UARTEx_SetTxFifoThreshold)
    HAL_UARTEx_TxFifoEmptyCallback           0x08003589   Thumb Code     2  stm32g4xx_hal_uart_ex.o(.text.HAL_UARTEx_TxFifoEmptyCallback)
    HAL_UARTEx_WakeupCallback                0x0800358b   Thumb Code     2  stm32g4xx_hal_uart_ex.o(.text.HAL_UARTEx_WakeupCallback)
    HAL_UART_ErrorCallback                   0x0800358d   Thumb Code     2  stm32g4xx_hal_uart.o(.text.HAL_UART_ErrorCallback)
    HAL_UART_IRQHandler                      0x08003591   Thumb Code   830  stm32g4xx_hal_uart.o(.text.HAL_UART_IRQHandler)
    HAL_UART_Init                            0x080038cf   Thumb Code    98  stm32g4xx_hal_uart.o(.text.HAL_UART_Init)
    HAL_UART_MspInit                         0x08003931   Thumb Code   442  usart.o(.text.HAL_UART_MspInit)
    HAL_UART_Transmit                        0x08003aed   Thumb Code   190  stm32g4xx_hal_uart.o(.text.HAL_UART_Transmit)
    HAL_UART_TxCpltCallback                  0x08003bab   Thumb Code     2  stm32g4xx_hal_uart.o(.text.HAL_UART_TxCpltCallback)
    HardFault_Handler                        0x08003c65   Thumb Code     2  stm32g4xx_it.o(.text.HardFault_Handler)
    MX_ADC1_Init                             0x08003c67   Thumb Code   280  adc.o(.text.MX_ADC1_Init)
    MX_ADC3_Init                             0x08003d7f   Thumb Code   284  adc.o(.text.MX_ADC3_Init)
    MX_DMA_Init                              0x08003e9b   Thumb Code   120  dma.o(.text.MX_DMA_Init)
    MX_GPIO_Init                             0x08003f13   Thumb Code   210  gpio.o(.text.MX_GPIO_Init)
    MX_HRTIM1_Init                           0x08003fe5   Thumb Code  1336  hrtim.o(.text.MX_HRTIM1_Init)
    MX_SPI1_Init                             0x0800451d   Thumb Code    86  spi.o(.text.MX_SPI1_Init)
    MX_TIM16_Init                            0x08004573   Thumb Code    58  tim.o(.text.MX_TIM16_Init)
    MX_TIM17_Init                            0x080045ad   Thumb Code    58  tim.o(.text.MX_TIM17_Init)
    MX_TIM3_Init                             0x080045e7   Thumb Code   114  tim.o(.text.MX_TIM3_Init)
    MX_TIM4_Init                             0x08004659   Thumb Code   114  tim.o(.text.MX_TIM4_Init)
    MX_TIM6_Init                             0x080046cb   Thumb Code    76  tim.o(.text.MX_TIM6_Init)
    MX_TIM7_Init                             0x08004717   Thumb Code    76  tim.o(.text.MX_TIM7_Init)
    MX_UART4_Init                            0x08004763   Thumb Code   122  usart.o(.text.MX_UART4_Init)
    MX_UART5_Init                            0x080047dd   Thumb Code   122  usart.o(.text.MX_UART5_Init)
    MX_USART2_UART_Init                      0x08004857   Thumb Code   122  usart.o(.text.MX_USART2_UART_Init)
    MemManage_Handler                        0x080048d1   Thumb Code     2  stm32g4xx_it.o(.text.MemManage_Handler)
    NMI_Handler                              0x080048d5   Thumb Code     2  stm32g4xx_it.o(.text.NMI_Handler)
    OLED_Init                                0x080048d7   Thumb Code   990  spi_oled.o(.text.OLED_Init)
    OLED_Refresh_Gram                        0x08004cb5   Thumb Code   186  spi_oled.o(.text.OLED_Refresh_Gram)
    OLED_ShowChar                            0x08004d6f   Thumb Code    68  spi_oled.o(.text.OLED_ShowChar)
    PWM_SetPulse                             0x08004db3   Thumb Code    38  pwm_control.o(.text.PWM_SetPulse)
    PWM_Start                                0x08004dd9   Thumb Code    32  pwm_control.o(.text.PWM_Start)
    PendSV_Handler                           0x08004df9   Thumb Code     2  stm32g4xx_it.o(.text.PendSV_Handler)
    SVC_Handler                              0x0800506b   Thumb Code     2  stm32g4xx_it.o(.text.SVC_Handler)
    SysTick_Handler                          0x0800506d   Thumb Code     4  stm32g4xx_it.o(.text.SysTick_Handler)
    SystemClock_Config                       0x08005071   Thumb Code   110  main.o(.text.SystemClock_Config)
    SystemInit                               0x080050df   Thumb Code    18  system_stm32g4xx.o(.text.SystemInit)
    TIM1_TRG_COM_TIM17_IRQHandler            0x080050f1   Thumb Code    12  stm32g4xx_it.o(.text.TIM1_TRG_COM_TIM17_IRQHandler)
    TIM1_UP_TIM16_IRQHandler                 0x080050fd   Thumb Code    12  stm32g4xx_it.o(.text.TIM1_UP_TIM16_IRQHandler)
    TIM6_DAC_IRQHandler                      0x08005109   Thumb Code    12  stm32g4xx_it.o(.text.TIM6_DAC_IRQHandler)
    TIM7_DAC_IRQHandler                      0x08005115   Thumb Code    12  stm32g4xx_it.o(.text.TIM7_DAC_IRQHandler)
    TIM_Base_SetConfig                       0x08005121   Thumb Code   326  stm32g4xx_hal_tim.o(.text.TIM_Base_SetConfig)
    UART4_IRQHandler                         0x08005267   Thumb Code    12  stm32g4xx_it.o(.text.UART4_IRQHandler)
    UART5_IRQHandler                         0x08005273   Thumb Code    12  stm32g4xx_it.o(.text.UART5_IRQHandler)
    UART_AdvFeatureConfig                    0x080052d1   Thumb Code   204  stm32g4xx_hal_uart.o(.text.UART_AdvFeatureConfig)
    UART_CheckIdleState                      0x0800539d   Thumb Code   190  stm32g4xx_hal_uart.o(.text.UART_CheckIdleState)
    UART_SetConfig                           0x080054c5   Thumb Code   636  stm32g4xx_hal_uart.o(.text.UART_SetConfig)
    UART_WaitOnFlagUntilTimeout              0x08005751   Thumb Code   152  stm32g4xx_hal_uart.o(.text.UART_WaitOnFlagUntilTimeout)
    USART2_IRQHandler                        0x080057e9   Thumb Code    12  stm32g4xx_it.o(.text.USART2_IRQHandler)
    UsageFault_Handler                       0x080057f5   Thumb Code     2  stm32g4xx_it.o(.text.UsageFault_Handler)
    adc_convert_current                      0x080057f9   Thumb Code    36  adc_convert.o(.text.adc_convert_current)
    adc_convert_task                         0x08005829   Thumb Code    80  task_impl.o(.text.adc_convert_task)
    adc_convert_voltage                      0x08005879   Thumb Code    20  adc_convert.o(.text.adc_convert_voltage)
    adc_val_diff                             0x08005895   Thumb Code    98  adc_convert.o(.text.adc_val_diff)
    main                                     0x080058f9   Thumb Code    80  main.o(.text.main)
    send_debug_msg                           0x08005949   Thumb Code    92  debug_msg.o(.text.send_debug_msg)
    task_start                               0x080059a5   Thumb Code   140  task_impl.o(.text.task_start)
    __scatterload_copy                       0x08005a31   Thumb Code    14  handlers.o(i.__scatterload_copy)
    __scatterload_null                       0x08005a3f   Thumb Code     2  handlers.o(i.__scatterload_null)
    __scatterload_zeroinit                   0x08005a41   Thumb Code    14  handlers.o(i.__scatterload_zeroinit)
    AHBPrescTable                            0x08005a4e   Data          16  system_stm32g4xx.o(.rodata.AHBPrescTable)
    APBPrescTable                            0x08005a5e   Data           8  system_stm32g4xx.o(.rodata.APBPrescTable)
    F6x8                                     0x08005a66   Data         552  spi_oled.o(.rodata.F6x8)
    UARTPrescTable                           0x08005c8e   Data          24  stm32g4xx_hal_uart.o(.rodata.UARTPrescTable)
    Region$$Table$$Base                      0x08005cc8   Number         0  anon$$obj.o(Region$$Table)
    Region$$Table$$Limit                     0x08005ce8   Number         0  anon$$obj.o(Region$$Table)
    SystemCoreClock                          0x20000000   Data           4  system_stm32g4xx.o(.data.SystemCoreClock)
    uwTickFreq                               0x20000004   Data           4  stm32g4xx_hal.o(.data.uwTickFreq)
    uwTickPrio                               0x20000008   Data           4  stm32g4xx_hal.o(.data.uwTickPrio)
    OLED_GRAM                                0x20000010   Data        1024  spi_oled.o(.bss.OLED_GRAM)
    adc1_dma_buffer                          0x20000410   Data          64  adc.o(.bss.adc1_dma_buffer)
    adc3_dma_buffer                          0x20000450   Data          64  adc.o(.bss.adc3_dma_buffer)
    adc_results                              0x200004b0   Data          16  adc_convert.o(.bss.adc_results)
    hadc1                                    0x200004c0   Data         108  adc.o(.bss.hadc1)
    hadc3                                    0x2000052c   Data         108  adc.o(.bss.hadc3)
    hdma_adc1                                0x20000598   Data          96  adc.o(.bss.hdma_adc1)
    hdma_adc3                                0x200005f8   Data          96  adc.o(.bss.hdma_adc3)
    hdma_spi1_tx                             0x20000658   Data          96  spi.o(.bss.hdma_spi1_tx)
    hhrtim1                                  0x200006b8   Data         252  hrtim.o(.bss.hhrtim1)
    hspi1                                    0x200007b4   Data         100  spi.o(.bss.hspi1)
    htim16                                   0x20000818   Data          76  tim.o(.bss.htim16)
    htim17                                   0x20000864   Data          76  tim.o(.bss.htim17)
    htim3                                    0x200008b0   Data          76  tim.o(.bss.htim3)
    htim4                                    0x200008fc   Data          76  tim.o(.bss.htim4)
    htim6                                    0x20000948   Data          76  tim.o(.bss.htim6)
    htim7                                    0x20000994   Data          76  tim.o(.bss.htim7)
    huart2                                   0x200009e0   Data         148  usart.o(.bss.huart2)
    huart4                                   0x20000a74   Data         148  usart.o(.bss.huart4)
    huart5                                   0x20000b08   Data         148  usart.o(.bss.huart5)
    send_buf                                 0x20000b9c   Data          36  debug_msg.o(.bss.send_buf)
    send_msg                                 0x20000bc0   Data          32  debug_msg.o(.bss.send_msg)
    uwTick                                   0x20000be0   Data           4  stm32g4xx_hal.o(.bss.uwTick)
    __initial_sp                             0x20000fe8   Data           0  startup_stm32g474xx.o(STACK)



==============================================================================

Memory Map of the image

  Image Entry point : 0x080001d9

  Load Region LR_IROM1 (Base: 0x08000000, Size: 0x00005cf8, Max: 0x00080000, ABSOLUTE)

    Execution Region ER_IROM1 (Exec base: 0x08000000, Load base: 0x08000000, Size: 0x00005ce8, Max: 0x00080000, ABSOLUTE)

    Exec Addr    Load Addr    Size         Type   Attr      Idx    E Section Name        Object

    0x08000000   0x08000000   0x000001d8   Data   RO            3    RESET               startup_stm32g474xx.o
    0x080001d8   0x080001d8   0x00000000   Code   RO         4013  * .ARM.Collect$$$$00000000  mc_w.l(entry.o)
    0x080001d8   0x080001d8   0x00000004   Code   RO         4103    .ARM.Collect$$$$00000001  mc_w.l(entry2.o)
    0x080001dc   0x080001dc   0x00000004   Code   RO         4106    .ARM.Collect$$$$00000004  mc_w.l(entry5.o)
    0x080001e0   0x080001e0   0x00000000   Code   RO         4108    .ARM.Collect$$$$00000008  mc_w.l(entry7b.o)
    0x080001e0   0x080001e0   0x00000000   Code   RO         4110    .ARM.Collect$$$$0000000A  mc_w.l(entry8b.o)
    0x080001e0   0x080001e0   0x00000008   Code   RO         4111    .ARM.Collect$$$$0000000B  mc_w.l(entry9a.o)
    0x080001e8   0x080001e8   0x00000000   Code   RO         4113    .ARM.Collect$$$$0000000D  mc_w.l(entry10a.o)
    0x080001e8   0x080001e8   0x00000000   Code   RO         4115    .ARM.Collect$$$$0000000F  mc_w.l(entry11a.o)
    0x080001e8   0x080001e8   0x00000004   Code   RO         4104    .ARM.Collect$$$$00002712  mc_w.l(entry2.o)
    0x080001ec   0x080001ec   0x00000024   Code   RO            4    .text               startup_stm32g474xx.o
    0x08000210   0x08000210   0x00000062   Code   RO         4016    .text               mc_w.l(uldiv.o)
    0x08000272   0x08000272   0x00000024   Code   RO         4022    .text               mc_w.l(memseta.o)
    0x08000296   0x08000296   0x0000001e   Code   RO         4117    .text               mc_w.l(llshl.o)
    0x080002b4   0x080002b4   0x00000020   Code   RO         4119    .text               mc_w.l(llushr.o)
    0x080002d4   0x080002d4   0x00000030   Code   RO         4151    .text               mc_w.l(init.o)
    0x08000304   0x08000304   0x00000060   Code   RO          233    .text.ADC_DMAConvCplt  stm32g4xx_hal_adc.o
    0x08000364   0x08000364   0x00000016   Code   RO          237    .text.ADC_DMAError  stm32g4xx_hal_adc.o
    0x0800037a   0x0800037a   0x00000006   Code   RO          235    .text.ADC_DMAHalfConvCplt  stm32g4xx_hal_adc.o
    0x08000380   0x08000380   0x000000d6   Code   RO          219    .text.ADC_Enable    stm32g4xx_hal_adc.o
    0x08000456   0x08000456   0x00000002   PAD
    0x08000458   0x08000458   0x00000002   Code   RO          158    .text.BusFault_Handler  stm32g4xx_it.o
    0x0800045a   0x0800045a   0x0000000c   Code   RO          170    .text.DMA1_Channel1_IRQHandler  stm32g4xx_it.o
    0x08000466   0x08000466   0x0000000c   Code   RO          172    .text.DMA1_Channel2_IRQHandler  stm32g4xx_it.o
    0x08000472   0x08000472   0x0000000c   Code   RO          188    .text.DMA2_Channel1_IRQHandler  stm32g4xx_it.o
    0x0800047e   0x0800047e   0x00000044   Code   RO          638    .text.DMA_SetConfig  stm32g4xx_hal_dma.o
    0x080004c2   0x080004c2   0x00000002   Code   RO          164    .text.DebugMon_Handler  stm32g4xx_it.o
    0x080004c4   0x080004c4   0x0000000a   Code   RO           15    .text.Error_Handler  main.o
    0x080004ce   0x080004ce   0x00000120   Code   RO          317    .text.HAL_ADCEx_MultiModeConfigChannel  stm32g4xx_hal_adc_ex.o
    0x080005ee   0x080005ee   0x00000002   PAD
    0x080005f0   0x080005f0   0x00000386   Code   RO          257    .text.HAL_ADC_ConfigChannel  stm32g4xx_hal_adc.o
    0x08000976   0x08000976   0x00000002   Code   RO          249    .text.HAL_ADC_ConvCpltCallback  stm32g4xx_hal_adc.o
    0x08000978   0x08000978   0x00000002   Code   RO          255    .text.HAL_ADC_ConvHalfCpltCallback  stm32g4xx_hal_adc.o
    0x0800097a   0x0800097a   0x00000050   Code   RO           43    .text.HAL_ADC_DMA_Init  adc.o
    0x080009ca   0x080009ca   0x00000002   Code   RO          253    .text.HAL_ADC_ErrorCallback  stm32g4xx_hal_adc.o
    0x080009cc   0x080009cc   0x0000022e   Code   RO          205    .text.HAL_ADC_Init  stm32g4xx_hal_adc.o
    0x08000bfa   0x08000bfa   0x0000018c   Code   RO           39    .text.HAL_ADC_MspInit  adc.o
    0x08000d86   0x08000d86   0x00000118   Code   RO          231    .text.HAL_ADC_Start_DMA  stm32g4xx_hal_adc.o
    0x08000e9e   0x08000e9e   0x0000006e   Code   RO          642    .text.HAL_DMA_Abort  stm32g4xx_hal_dma.o
    0x08000f0c   0x08000f0c   0x0000007c   Code   RO          644    .text.HAL_DMA_Abort_IT  stm32g4xx_hal_dma.o
    0x08000f88   0x08000f88   0x0000009a   Code   RO          648    .text.HAL_DMA_IRQHandler  stm32g4xx_hal_dma.o
    0x08001022   0x08001022   0x00000114   Code   RO          632    .text.HAL_DMA_Init  stm32g4xx_hal_dma.o
    0x08001136   0x08001136   0x00000088   Code   RO          640    .text.HAL_DMA_Start_IT  stm32g4xx_hal_dma.o
    0x080011be   0x080011be   0x00000002   PAD
    0x080011c0   0x080011c0   0x00000028   Code   RO          356    .text.HAL_Delay     stm32g4xx_hal.o
    0x080011e8   0x080011e8   0x000001b0   Code   RO          582    .text.HAL_GPIO_Init  stm32g4xx_hal_gpio.o
    0x08001398   0x08001398   0x0000000c   Code   RO          588    .text.HAL_GPIO_WritePin  stm32g4xx_hal_gpio.o
    0x080013a4   0x080013a4   0x0000000c   Code   RO          348    .text.HAL_GetTick   stm32g4xx_hal.o
    0x080013b0   0x080013b0   0x00000054   Code   RO          864    .text.HAL_HRTIM_DLLCalibrationStart  stm32g4xx_hal_hrtim.o
    0x08001404   0x08001404   0x00000098   Code   RO          990    .text.HAL_HRTIM_DeadTimeConfig  stm32g4xx_hal_hrtim.o
    0x0800149c   0x0800149c   0x000000a6   Code   RO          856    .text.HAL_HRTIM_Init  stm32g4xx_hal_hrtim.o
    0x08001542   0x08001542   0x00000030   Code   RO           72    .text.HAL_HRTIM_MspInit  hrtim.o
    0x08001572   0x08001572   0x000000da   Code   RO           70    .text.HAL_HRTIM_MspPostInit  hrtim.o
    0x0800164c   0x0800164c   0x0000004e   Code   RO          868    .text.HAL_HRTIM_PollForDLLCalibration  stm32g4xx_hal_hrtim.o
    0x0800169a   0x0800169a   0x00000072   Code   RO          870    .text.HAL_HRTIM_TimeBaseConfig  stm32g4xx_hal_hrtim.o
    0x0800170c   0x0800170c   0x0000014e   Code   RO          996    .text.HAL_HRTIM_WaveformCompareConfig  stm32g4xx_hal_hrtim.o
    0x0800185a   0x0800185a   0x00000028   Code   RO         1008    .text.HAL_HRTIM_WaveformCountStart  stm32g4xx_hal_hrtim.o
    0x08001882   0x08001882   0x0000003a   Code   RO         1000    .text.HAL_HRTIM_WaveformOutputConfig  stm32g4xx_hal_hrtim.o
    0x080018bc   0x080018bc   0x0000002c   Code   RO         1004    .text.HAL_HRTIM_WaveformOutputStart  stm32g4xx_hal_hrtim.o
    0x080018e8   0x080018e8   0x000002ec   Code   RO          974    .text.HAL_HRTIM_WaveformTimerConfig  stm32g4xx_hal_hrtim.o
    0x08001bd4   0x08001bd4   0x000000b8   Code   RO          976    .text.HAL_HRTIM_WaveformTimerControl  stm32g4xx_hal_hrtim.o
    0x08001c8c   0x08001c8c   0x0000001a   Code   RO          346    .text.HAL_IncTick   stm32g4xx_hal.o
    0x08001ca6   0x08001ca6   0x0000001c   Code   RO          336    .text.HAL_Init      stm32g4xx_hal.o
    0x08001cc2   0x08001cc2   0x00000054   Code   RO          338    .text.HAL_InitTick  stm32g4xx_hal.o
    0x08001d16   0x08001d16   0x00000034   Code   RO          197    .text.HAL_MspInit   stm32g4xx_hal_msp.o
    0x08001d4a   0x08001d4a   0x00000020   Code   RO          810    .text.HAL_NVIC_EnableIRQ  stm32g4xx_hal_cortex.o
    0x08001d6a   0x08001d6a   0x00000056   Code   RO          808    .text.HAL_NVIC_SetPriority  stm32g4xx_hal_cortex.o
    0x08001dc0   0x08001dc0   0x00000020   Code   RO          806    .text.HAL_NVIC_SetPriorityGrouping  stm32g4xx_hal_cortex.o
    0x08001de0   0x08001de0   0x000000e2   Code   RO          726    .text.HAL_PWREx_ControlVoltageScaling  stm32g4xx_hal_pwr_ex.o
    0x08001ec2   0x08001ec2   0x00000012   Code   RO          796    .text.HAL_PWREx_DisableUCPDDeadBattery  stm32g4xx_hal_pwr_ex.o
    0x08001ed4   0x08001ed4   0x0000028a   Code   RO          461    .text.HAL_RCCEx_PeriphCLKConfig  stm32g4xx_hal_rcc_ex.o
    0x0800215e   0x0800215e   0x00000002   PAD
    0x08002160   0x08002160   0x0000021e   Code   RO          427    .text.HAL_RCC_ClockConfig  stm32g4xx_hal_rcc.o
    0x0800237e   0x0800237e   0x0000002a   Code   RO          435    .text.HAL_RCC_GetPCLK1Freq  stm32g4xx_hal_rcc.o
    0x080023a8   0x080023a8   0x0000002a   Code   RO          437    .text.HAL_RCC_GetPCLK2Freq  stm32g4xx_hal_rcc.o
    0x080023d2   0x080023d2   0x0000007c   Code   RO          429    .text.HAL_RCC_GetSysClockFreq  stm32g4xx_hal_rcc.o
    0x0800244e   0x0800244e   0x00000002   PAD
    0x08002450   0x08002450   0x0000047e   Code   RO          425    .text.HAL_RCC_OscConfig  stm32g4xx_hal_rcc.o
    0x080028ce   0x080028ce   0x00000002   Code   RO         1218    .text.HAL_SPI_ErrorCallback  stm32g4xx_hal_spi.o
    0x080028d0   0x080028d0   0x00000006   Code   RO         1232    .text.HAL_SPI_GetState  stm32g4xx_hal_spi.o
    0x080028d6   0x080028d6   0x000000dc   Code   RO         1130    .text.HAL_SPI_Init  stm32g4xx_hal_spi.o
    0x080029b2   0x080029b2   0x000000a0   Code   RO           87    .text.HAL_SPI_MspInit  spi.o
    0x08002a52   0x08002a52   0x00000002   PAD
    0x08002a54   0x08002a54   0x000001a6   Code   RO         1138    .text.HAL_SPI_Transmit  stm32g4xx_hal_spi.o
    0x08002bfa   0x08002bfa   0x00000106   Code   RO         1170    .text.HAL_SPI_Transmit_DMA  stm32g4xx_hal_spi.o
    0x08002d00   0x08002d00   0x00000002   Code   RO         1220    .text.HAL_SPI_TxCpltCallback  stm32g4xx_hal_spi.o
    0x08002d02   0x08002d02   0x00000002   Code   RO         1226    .text.HAL_SPI_TxHalfCpltCallback  stm32g4xx_hal_spi.o
    0x08002d04   0x08002d04   0x0000002c   Code   RO          818    .text.HAL_SYSTICK_Config  stm32g4xx_hal_cortex.o
    0x08002d30   0x08002d30   0x00000002   Code   RO         1620    .text.HAL_TIMEx_Break2Callback  stm32g4xx_hal_tim_ex.o
    0x08002d32   0x08002d32   0x00000002   Code   RO         1618    .text.HAL_TIMEx_BreakCallback  stm32g4xx_hal_tim_ex.o
    0x08002d34   0x08002d34   0x00000002   Code   RO         1614    .text.HAL_TIMEx_CommutCallback  stm32g4xx_hal_tim_ex.o
    0x08002d36   0x08002d36   0x00000002   Code   RO         1624    .text.HAL_TIMEx_DirectionChangeCallback  stm32g4xx_hal_tim_ex.o
    0x08002d38   0x08002d38   0x00000002   Code   RO         1622    .text.HAL_TIMEx_EncoderIndexCallback  stm32g4xx_hal_tim_ex.o
    0x08002d3a   0x08002d3a   0x00000002   Code   RO         1626    .text.HAL_TIMEx_IndexErrorCallback  stm32g4xx_hal_tim_ex.o
    0x08002d3c   0x08002d3c   0x000000d4   Code   RO         1564    .text.HAL_TIMEx_MasterConfigSynchronization  stm32g4xx_hal_tim_ex.o
    0x08002e10   0x08002e10   0x00000002   Code   RO         1628    .text.HAL_TIMEx_TransitionErrorCallback  stm32g4xx_hal_tim_ex.o
    0x08002e12   0x08002e12   0x00000060   Code   RO         1259    .text.HAL_TIM_Base_Init  stm32g4xx_hal_tim.o
    0x08002e72   0x08002e72   0x00000138   Code   RO          113    .text.HAL_TIM_Base_MspInit  tim.o
    0x08002faa   0x08002faa   0x000000b2   Code   RO         1273    .text.HAL_TIM_Base_Start_IT  stm32g4xx_hal_tim.o
    0x0800305c   0x0800305c   0x00000216   Code   RO         1449    .text.HAL_TIM_ConfigClockSource  stm32g4xx_hal_tim.o
    0x08003272   0x08003272   0x00000002   Code   RO         1395    .text.HAL_TIM_IC_CaptureCallback  stm32g4xx_hal_tim.o
    0x08003274   0x08003274   0x000001c0   Code   RO         1393    .text.HAL_TIM_IRQHandler  stm32g4xx_hal_tim.o
    0x08003434   0x08003434   0x00000002   Code   RO         1397    .text.HAL_TIM_OC_DelayElapsedCallback  stm32g4xx_hal_tim.o
    0x08003436   0x08003436   0x00000002   Code   RO         1399    .text.HAL_TIM_PWM_PulseFinishedCallback  stm32g4xx_hal_tim.o
    0x08003438   0x08003438   0x00000080   Code   RO         1884    .text.HAL_TIM_PeriodElapsedCallback  task_impl.o
    0x080034b8   0x080034b8   0x00000002   Code   RO         1403    .text.HAL_TIM_TriggerCallback  stm32g4xx_hal_tim.o
    0x080034ba   0x080034ba   0x00000036   Code   RO         1809    .text.HAL_UARTEx_DisableFifoMode  stm32g4xx_hal_uart_ex.o
    0x080034f0   0x080034f0   0x00000002   Code   RO         1735    .text.HAL_UARTEx_RxEventCallback  stm32g4xx_hal_uart.o
    0x080034f2   0x080034f2   0x00000002   Code   RO         1793    .text.HAL_UARTEx_RxFifoFullCallback  stm32g4xx_hal_uart_ex.o
    0x080034f4   0x080034f4   0x0000004a   Code   RO         1813    .text.HAL_UARTEx_SetRxFifoThreshold  stm32g4xx_hal_uart_ex.o
    0x0800353e   0x0800353e   0x0000004a   Code   RO         1811    .text.HAL_UARTEx_SetTxFifoThreshold  stm32g4xx_hal_uart_ex.o
    0x08003588   0x08003588   0x00000002   Code   RO         1795    .text.HAL_UARTEx_TxFifoEmptyCallback  stm32g4xx_hal_uart_ex.o
    0x0800358a   0x0800358a   0x00000002   Code   RO         1791    .text.HAL_UARTEx_WakeupCallback  stm32g4xx_hal_uart_ex.o
    0x0800358c   0x0800358c   0x00000002   Code   RO         1733    .text.HAL_UART_ErrorCallback  stm32g4xx_hal_uart.o
    0x0800358e   0x0800358e   0x00000002   PAD
    0x08003590   0x08003590   0x0000033e   Code   RO         1729    .text.HAL_UART_IRQHandler  stm32g4xx_hal_uart.o
    0x080038ce   0x080038ce   0x00000062   Code   RO         1643    .text.HAL_UART_Init  stm32g4xx_hal_uart.o
    0x08003930   0x08003930   0x000001ba   Code   RO          137    .text.HAL_UART_MspInit  usart.o
    0x08003aea   0x08003aea   0x00000002   PAD
    0x08003aec   0x08003aec   0x000000be   Code   RO         1663    .text.HAL_UART_Transmit  stm32g4xx_hal_uart.o
    0x08003baa   0x08003baa   0x00000002   Code   RO         1737    .text.HAL_UART_TxCpltCallback  stm32g4xx_hal_uart.o
    0x08003bac   0x08003bac   0x000000b8   Code   RO          892    .text.HRTIM_OutputConfig  stm32g4xx_hal_hrtim.o
    0x08003c64   0x08003c64   0x00000002   Code   RO          154    .text.HardFault_Handler  stm32g4xx_it.o
    0x08003c66   0x08003c66   0x00000118   Code   RO           35    .text.MX_ADC1_Init  adc.o
    0x08003d7e   0x08003d7e   0x0000011c   Code   RO           37    .text.MX_ADC3_Init  adc.o
    0x08003e9a   0x08003e9a   0x00000078   Code   RO           59    .text.MX_DMA_Init   dma.o
    0x08003f12   0x08003f12   0x000000d2   Code   RO           26    .text.MX_GPIO_Init  gpio.o
    0x08003fe4   0x08003fe4   0x00000538   Code   RO           68    .text.MX_HRTIM1_Init  hrtim.o
    0x0800451c   0x0800451c   0x00000056   Code   RO           85    .text.MX_SPI1_Init  spi.o
    0x08004572   0x08004572   0x0000003a   Code   RO          109    .text.MX_TIM16_Init  tim.o
    0x080045ac   0x080045ac   0x0000003a   Code   RO          111    .text.MX_TIM17_Init  tim.o
    0x080045e6   0x080045e6   0x00000072   Code   RO          101    .text.MX_TIM3_Init  tim.o
    0x08004658   0x08004658   0x00000072   Code   RO          103    .text.MX_TIM4_Init  tim.o
    0x080046ca   0x080046ca   0x0000004c   Code   RO          105    .text.MX_TIM6_Init  tim.o
    0x08004716   0x08004716   0x0000004c   Code   RO          107    .text.MX_TIM7_Init  tim.o
    0x08004762   0x08004762   0x0000007a   Code   RO          131    .text.MX_UART4_Init  usart.o
    0x080047dc   0x080047dc   0x0000007a   Code   RO          133    .text.MX_UART5_Init  usart.o
    0x08004856   0x08004856   0x0000007a   Code   RO          135    .text.MX_USART2_UART_Init  usart.o
    0x080048d0   0x080048d0   0x00000002   Code   RO          156    .text.MemManage_Handler  stm32g4xx_it.o
    0x080048d2   0x080048d2   0x00000002   PAD
    0x080048d4   0x080048d4   0x00000002   Code   RO          152    .text.NMI_Handler   stm32g4xx_it.o
    0x080048d6   0x080048d6   0x000003de   Code   RO         1932    .text.OLED_Init     spi_oled.o
    0x08004cb4   0x08004cb4   0x000000ba   Code   RO         1930    .text.OLED_Refresh_Gram  spi_oled.o
    0x08004d6e   0x08004d6e   0x00000044   Code   RO         1924    .text.OLED_ShowChar  spi_oled.o
    0x08004db2   0x08004db2   0x00000026   Code   RO         1898    .text.PWM_SetPulse  pwm_control.o
    0x08004dd8   0x08004dd8   0x00000020   Code   RO         1894    .text.PWM_Start     pwm_control.o
    0x08004df8   0x08004df8   0x00000002   Code   RO          166    .text.PendSV_Handler  stm32g4xx_it.o
    0x08004dfa   0x08004dfa   0x0000001e   Code   RO         1176    .text.SPI_DMAError  stm32g4xx_hal_spi.o
    0x08004e18   0x08004e18   0x00000006   Code   RO         1172    .text.SPI_DMAHalfTransmitCplt  stm32g4xx_hal_spi.o
    0x08004e1e   0x08004e1e   0x00000074   Code   RO         1174    .text.SPI_DMATransmitCplt  stm32g4xx_hal_spi.o
    0x08004e92   0x08004e92   0x00000042   Code   RO         1140    .text.SPI_EndRxTxTransaction  stm32g4xx_hal_spi.o
    0x08004ed4   0x08004ed4   0x000000e6   Code   RO         1196    .text.SPI_WaitFifoStateUntilTimeout  stm32g4xx_hal_spi.o
    0x08004fba   0x08004fba   0x00000002   PAD
    0x08004fbc   0x08004fbc   0x000000ae   Code   RO         1198    .text.SPI_WaitFlagStateUntilTimeout  stm32g4xx_hal_spi.o
    0x0800506a   0x0800506a   0x00000002   Code   RO          162    .text.SVC_Handler   stm32g4xx_it.o
    0x0800506c   0x0800506c   0x00000004   Code   RO          168    .text.SysTick_Handler  stm32g4xx_it.o
    0x08005070   0x08005070   0x0000006e   Code   RO           13    .text.SystemClock_Config  main.o
    0x080050de   0x080050de   0x00000012   Code   RO         1832    .text.SystemInit    system_stm32g4xx.o
    0x080050f0   0x080050f0   0x0000000c   Code   RO          176    .text.TIM1_TRG_COM_TIM17_IRQHandler  stm32g4xx_it.o
    0x080050fc   0x080050fc   0x0000000c   Code   RO          174    .text.TIM1_UP_TIM16_IRQHandler  stm32g4xx_it.o
    0x08005108   0x08005108   0x0000000c   Code   RO          184    .text.TIM6_DAC_IRQHandler  stm32g4xx_it.o
    0x08005114   0x08005114   0x0000000c   Code   RO          186    .text.TIM7_DAC_IRQHandler  stm32g4xx_it.o
    0x08005120   0x08005120   0x00000146   Code   RO         1263    .text.TIM_Base_SetConfig  stm32g4xx_hal_tim.o
    0x08005266   0x08005266   0x0000000c   Code   RO          180    .text.UART4_IRQHandler  stm32g4xx_it.o
    0x08005272   0x08005272   0x0000000c   Code   RO          182    .text.UART5_IRQHandler  stm32g4xx_it.o
    0x0800527e   0x0800527e   0x00000052   Code   RO         1807    .text.UARTEx_SetNbDataToProcess  stm32g4xx_hal_uart_ex.o
    0x080052d0   0x080052d0   0x000000cc   Code   RO         1647    .text.UART_AdvFeatureConfig  stm32g4xx_hal_uart.o
    0x0800539c   0x0800539c   0x000000be   Code   RO         1651    .text.UART_CheckIdleState  stm32g4xx_hal_uart.o
    0x0800545a   0x0800545a   0x0000000c   Code   RO         1731    .text.UART_DMAAbortOnError  stm32g4xx_hal_uart.o
    0x08005466   0x08005466   0x00000002   PAD
    0x08005468   0x08005468   0x0000005a   Code   RO         1701    .text.UART_EndRxTransfer  stm32g4xx_hal_uart.o
    0x080054c2   0x080054c2   0x00000002   PAD
    0x080054c4   0x080054c4   0x0000028c   Code   RO         1649    .text.UART_SetConfig  stm32g4xx_hal_uart.o
    0x08005750   0x08005750   0x00000098   Code   RO         1665    .text.UART_WaitOnFlagUntilTimeout  stm32g4xx_hal_uart.o
    0x080057e8   0x080057e8   0x0000000c   Code   RO          178    .text.USART2_IRQHandler  stm32g4xx_it.o
    0x080057f4   0x080057f4   0x00000002   Code   RO          160    .text.UsageFault_Handler  stm32g4xx_it.o
    0x080057f6   0x080057f6   0x00000002   PAD
    0x080057f8   0x080057f8   0x00000030   Code   RO         1849    .text.adc_convert_current  adc_convert.o
    0x08005828   0x08005828   0x00000050   Code   RO         1878    .text.adc_convert_task  task_impl.o
    0x08005878   0x08005878   0x0000001c   Code   RO         1847    .text.adc_convert_voltage  adc_convert.o
    0x08005894   0x08005894   0x00000062   Code   RO         1851    .text.adc_val_diff  adc_convert.o
    0x080058f6   0x080058f6   0x00000002   PAD
    0x080058f8   0x080058f8   0x00000050   Code   RO           11    .text.main          main.o
    0x08005948   0x08005948   0x0000005c   Code   RO         1863    .text.send_debug_msg  debug_msg.o
    0x080059a4   0x080059a4   0x0000008c   Code   RO         1874    .text.task_start    task_impl.o
    0x08005a30   0x08005a30   0x0000000e   Code   RO         4155    i.__scatterload_copy  mc_w.l(handlers.o)
    0x08005a3e   0x08005a3e   0x00000002   Code   RO         4156    i.__scatterload_null  mc_w.l(handlers.o)
    0x08005a40   0x08005a40   0x0000000e   Code   RO         4157    i.__scatterload_zeroinit  mc_w.l(handlers.o)
    0x08005a4e   0x08005a4e   0x00000010   Data   RO         1837    .rodata.AHBPrescTable  system_stm32g4xx.o
    0x08005a5e   0x08005a5e   0x00000008   Data   RO         1838    .rodata.APBPrescTable  system_stm32g4xx.o
    0x08005a66   0x08005a66   0x00000228   Data   RO         1934    .rodata.F6x8        spi_oled.o
    0x08005c8e   0x08005c8e   0x00000018   Data   RO         1779    .rodata.UARTPrescTable  stm32g4xx_hal_uart.o
    0x08005ca6   0x08005ca6   0x00000002   PAD
    0x08005ca8   0x08005ca8   0x00000010   Data   RO         1780    .rodata.cst16       stm32g4xx_hal_uart.o
    0x08005cb8   0x08005cb8   0x00000010   Data   RO         1823    .rodata.cst8        stm32g4xx_hal_uart_ex.o
    0x08005cc8   0x08005cc8   0x00000020   Data   RO         4154    Region$$Table       anon$$obj.o


    Execution Region RW_IRAM1 (Exec base: 0x20000000, Load base: 0x08005ce8, Size: 0x00000fe8, Max: 0x00020000, ABSOLUTE)

    Exec Addr    Load Addr    Size         Type   Attr      Idx    E Section Name        Object

    0x20000000   0x08005ce8   0x00000004   Data   RW         1836    .data.SystemCoreClock  system_stm32g4xx.o
    0x20000004   0x08005cec   0x00000004   Data   RW          413    .data.uwTickFreq    stm32g4xx_hal.o
    0x20000008   0x08005cf0   0x00000004   Data   RW          412    .data.uwTickPrio    stm32g4xx_hal.o
    0x2000000c   0x08005cf4   0x00000004   PAD
    0x20000010        -       0x00000400   Zero   RW         1936    .bss.OLED_GRAM      spi_oled.o
    0x20000410        -       0x00000040   Zero   RW           49    .bss.adc1_dma_buffer  adc.o
    0x20000450        -       0x00000040   Zero   RW           50    .bss.adc3_dma_buffer  adc.o
    0x20000490        -       0x00000020   Zero   RW         1854    .bss.adc_diff_values  adc_convert.o
    0x200004b0        -       0x00000010   Zero   RW         1853    .bss.adc_results    adc_convert.o
    0x200004c0        -       0x0000006c   Zero   RW           45    .bss.hadc1          adc.o
    0x2000052c        -       0x0000006c   Zero   RW           46    .bss.hadc3          adc.o
    0x20000598        -       0x00000060   Zero   RW           47    .bss.hdma_adc1      adc.o
    0x200005f8        -       0x00000060   Zero   RW           48    .bss.hdma_adc3      adc.o
    0x20000658        -       0x00000060   Zero   RW           92    .bss.hdma_spi1_tx   spi.o
    0x200006b8        -       0x000000fc   Zero   RW           76    .bss.hhrtim1        hrtim.o
    0x200007b4        -       0x00000064   Zero   RW           91    .bss.hspi1          spi.o
    0x20000818        -       0x0000004c   Zero   RW          121    .bss.htim16         tim.o
    0x20000864        -       0x0000004c   Zero   RW          122    .bss.htim17         tim.o
    0x200008b0        -       0x0000004c   Zero   RW          117    .bss.htim3          tim.o
    0x200008fc        -       0x0000004c   Zero   RW          118    .bss.htim4          tim.o
    0x20000948        -       0x0000004c   Zero   RW          119    .bss.htim6          tim.o
    0x20000994        -       0x0000004c   Zero   RW          120    .bss.htim7          tim.o
    0x200009e0        -       0x00000094   Zero   RW          143    .bss.huart2         usart.o
    0x20000a74        -       0x00000094   Zero   RW          141    .bss.huart4         usart.o
    0x20000b08        -       0x00000094   Zero   RW          142    .bss.huart5         usart.o
    0x20000b9c        -       0x00000024   Zero   RW         1866    .bss.send_buf       debug_msg.o
    0x20000bc0        -       0x00000020   Zero   RW         1865    .bss.send_msg       debug_msg.o
    0x20000be0        -       0x00000004   Zero   RW          414    .bss.uwTick         stm32g4xx_hal.o
    0x20000be4   0x08005cf4   0x00000004   PAD
    0x20000be8        -       0x00000400   Zero   RW            1    STACK               startup_stm32g474xx.o


==============================================================================

Image component sizes


      Code (inc. data)   RO Data    RW Data    ZI Data      Debug   Object Name

      1040          0          0          0        536       8445   adc.o
       174         20          0          0         48       1750   adc_convert.o
        92          0          0          0         68       4652   debug_msg.o
       120          0          0          0          0       4137   dma.o
       210          0          0          0          0       2440   gpio.o
      1602          0          0          0        252      10717   hrtim.o
       200          0          0          0          0       2277   main.o
        70          0          0          0          0       5994   pwm_control.o
       246          0          0          0        196       5729   spi.o
      1244          0        552          0       1024       7438   spi_oled.o
        36          8        472          0       1024        824   startup_stm32g474xx.o
       190          0          0          8          4       9518   stm32g4xx_hal.o
      2084          0          0          0          0      25202   stm32g4xx_hal_adc.o
       288          0          0          0          0      22860   stm32g4xx_hal_adc_ex.o
       194          0          0          0          0      10934   stm32g4xx_hal_cortex.o
       868          0          0          0          0       8603   stm32g4xx_hal_dma.o
       444          0          0          0          0       5181   stm32g4xx_hal_gpio.o
      2186        100          0          0          0      70413   stm32g4xx_hal_hrtim.o
        52          0          0          0          0       1730   stm32g4xx_hal_msp.o
       244          0          0          0          0       8885   stm32g4xx_hal_pwr_ex.o
      1900          0          0          0          0       9370   stm32g4xx_hal_rcc.o
       650          0          0          0          0      10556   stm32g4xx_hal_rcc_ex.o
      1538          0          0          0          0      22716   stm32g4xx_hal_spi.o
      1590          0          0          0          0      54862   stm32g4xx_hal_tim.o
       226          0          0          0          0      29854   stm32g4xx_hal_tim_ex.o
      2424         46         40          0          0      33405   stm32g4xx_hal_uart.o
       290          0         16          0          0      10394   stm32g4xx_hal_uart_ex.o
       140          0          0          0          0       7568   stm32g4xx_it.o
        18          0         24          4          0       2735   system_stm32g4xx.o
       348          0          0          0          0      10130   task_impl.o
       808          0          0          0        456      10542   tim.o
       808          0          0          0        444      10136   usart.o

    ----------------------------------------------------------------------
     22352        174       1138         12       4060     429997   Object Totals
         0          0         32          0          0          0   (incl. Generated)
        28          0          2          0          8          0   (incl. Padding)

    ----------------------------------------------------------------------

      Code (inc. data)   RO Data    RW Data    ZI Data      Debug   Library Member Name

         0          0          0          0          0          0   entry.o
         0          0          0          0          0          0   entry10a.o
         0          0          0          0          0          0   entry11a.o
         8          4          0          0          0          0   entry2.o
         4          0          0          0          0          0   entry5.o
         0          0          0          0          0          0   entry7b.o
         0          0          0          0          0          0   entry8b.o
         8          4          0          0          0          0   entry9a.o
        30          0          0          0          0          0   handlers.o
        48         10          0          0          0         68   init.o
        30          0          0          0          0         68   llshl.o
        32          0          0          0          0         68   llushr.o
        36          0          0          0          0        108   memseta.o
        98          0          0          0          0         92   uldiv.o

    ----------------------------------------------------------------------
       294         18          0          0          0        404   Library Totals
         0          0          0          0          0          0   (incl. Padding)

    ----------------------------------------------------------------------

      Code (inc. data)   RO Data    RW Data    ZI Data      Debug   Library Name

       294         18          0          0          0        404   mc_w.l

    ----------------------------------------------------------------------
       294         18          0          0          0        404   Library Totals

    ----------------------------------------------------------------------

==============================================================================


      Code (inc. data)   RO Data    RW Data    ZI Data      Debug   

     22646        192       1138         12       4060     429901   Grand Totals
     22646        192       1138         12       4060     429901   ELF Image Totals
     22646        192       1138         12          0          0   ROM Totals

==============================================================================

    Total RO  Size (Code + RO Data)                23784 (  23.23kB)
    Total RW  Size (RW Data + ZI Data)              4072 (   3.98kB)
    Total ROM Size (Code + RO Data + RW Data)      23796 (  23.24kB)

==============================================================================

